Archive member included because of file (symbol)

c:/program files (x86)/atmel/atmel toolchain/avr8 gcc/native/3.4.2.1002/avr8-gnu-toolchain/bin/../lib/gcc/avr/4.7.2/avr5\libgcc.a(_udivmodhi4.o)
                              i2c_twi.o (__udivmodhi4)
c:/program files (x86)/atmel/atmel toolchain/avr8 gcc/native/3.4.2.1002/avr8-gnu-toolchain/bin/../lib/gcc/avr/4.7.2/avr5\libgcc.a(_exit.o)
                              c:/program files (x86)/atmel/atmel toolchain/avr8 gcc/native/3.4.2.1002/avr8-gnu-toolchain/bin/../lib/gcc/avr/4.7.2/../../../../avr/lib/avr5/crtm32u4.o (exit)
c:/program files (x86)/atmel/atmel toolchain/avr8 gcc/native/3.4.2.1002/avr8-gnu-toolchain/bin/../lib/gcc/avr/4.7.2/avr5\libgcc.a(_tablejump.o)
                              src/LUFA/LUFA/Drivers/USB/Class/Common/HIDParser.o (__tablejump2__)
c:/program files (x86)/atmel/atmel toolchain/avr8 gcc/native/3.4.2.1002/avr8-gnu-toolchain/bin/../lib/gcc/avr/4.7.2/avr5\libgcc.a(_copy_data.o)
                              buf_lcd.o (__do_copy_data)
c:/program files (x86)/atmel/atmel toolchain/avr8 gcc/native/3.4.2.1002/avr8-gnu-toolchain/bin/../lib/gcc/avr/4.7.2/avr5\libgcc.a(_clear_bss.o)
                              buf_lcd.o (__do_clear_bss)
c:/program files (x86)/atmel/atmel toolchain/avr8 gcc/native/3.4.2.1002/avr8-gnu-toolchain/bin/../lib/gcc/avr/4.7.2/avr5\libgcc.a(_ashldi3.o)
                              ds18b20.o (__ashldi3)
c:/program files (x86)/atmel/atmel toolchain/avr8 gcc/native/3.4.2.1002/avr8-gnu-toolchain/bin/../lib/gcc/avr/4.7.2/avr5\libgcc.a(_adddi3.o)
                              ds18b20.o (__adddi3)
c:/program files (x86)/atmel/atmel toolchain/avr8 gcc/native/3.4.2.1002/avr8-gnu-toolchain/bin/../lib/gcc/avr/4.7.2/../../../../avr/lib/avr5\libc.a(memcpy_P.o)
                              src/LUFA/LUFA/Drivers/USB/Class/Device/RNDISClassDevice.o (memcpy_P)
c:/program files (x86)/atmel/atmel toolchain/avr8 gcc/native/3.4.2.1002/avr8-gnu-toolchain/bin/../lib/gcc/avr/4.7.2/../../../../avr/lib/avr5\libc.a(memcmp.o)
                              src/LUFA/LUFA/Drivers/USB/Class/Device/HIDClassDevice.o (memcmp)
c:/program files (x86)/atmel/atmel toolchain/avr8 gcc/native/3.4.2.1002/avr8-gnu-toolchain/bin/../lib/gcc/avr/4.7.2/../../../../avr/lib/avr5\libc.a(memcpy.o)
                              src/LUFA/LUFA/Drivers/USB/Class/Device/HIDClassDevice.o (memcpy)
c:/program files (x86)/atmel/atmel toolchain/avr8 gcc/native/3.4.2.1002/avr8-gnu-toolchain/bin/../lib/gcc/avr/4.7.2/../../../../avr/lib/avr5\libc.a(memset.o)
                              buf_lcd.o (memset)
c:/program files (x86)/atmel/atmel toolchain/avr8 gcc/native/3.4.2.1002/avr8-gnu-toolchain/bin/../lib/gcc/avr/4.7.2/../../../../avr/lib/avr5\libc.a(itoa.o)
                              buf_lcd.o (itoa)
c:/program files (x86)/atmel/atmel toolchain/avr8 gcc/native/3.4.2.1002/avr8-gnu-toolchain/bin/../lib/gcc/avr/4.7.2/../../../../avr/lib/avr5\libc.a(sprintf.o)
                              warstwy.o (sprintf)
c:/program files (x86)/atmel/atmel toolchain/avr8 gcc/native/3.4.2.1002/avr8-gnu-toolchain/bin/../lib/gcc/avr/4.7.2/../../../../avr/lib/avr5\libc.a(vfprintf_std.o)
                              c:/program files (x86)/atmel/atmel toolchain/avr8 gcc/native/3.4.2.1002/avr8-gnu-toolchain/bin/../lib/gcc/avr/4.7.2/../../../../avr/lib/avr5\libc.a(sprintf.o) (vfprintf)
c:/program files (x86)/atmel/atmel toolchain/avr8 gcc/native/3.4.2.1002/avr8-gnu-toolchain/bin/../lib/gcc/avr/4.7.2/../../../../avr/lib/avr5\libc.a(eerd_byte_atmega32u4.o)
                              lcd44780.o (__eerd_byte_m32u4)
c:/program files (x86)/atmel/atmel toolchain/avr8 gcc/native/3.4.2.1002/avr8-gnu-toolchain/bin/../lib/gcc/avr/4.7.2/../../../../avr/lib/avr5\libc.a(eeupd_byte_atmega32u4.o)
                              src/LUFA/LUFA/Drivers/USB/Core/AVR8/EndpointStream_AVR8.o (__eeupd_byte_m32u4)
c:/program files (x86)/atmel/atmel toolchain/avr8 gcc/native/3.4.2.1002/avr8-gnu-toolchain/bin/../lib/gcc/avr/4.7.2/../../../../avr/lib/avr5\libc.a(strnlen_P.o)
                              c:/program files (x86)/atmel/atmel toolchain/avr8 gcc/native/3.4.2.1002/avr8-gnu-toolchain/bin/../lib/gcc/avr/4.7.2/../../../../avr/lib/avr5\libc.a(vfprintf_std.o) (strnlen_P)
c:/program files (x86)/atmel/atmel toolchain/avr8 gcc/native/3.4.2.1002/avr8-gnu-toolchain/bin/../lib/gcc/avr/4.7.2/../../../../avr/lib/avr5\libc.a(strnlen.o)
                              c:/program files (x86)/atmel/atmel toolchain/avr8 gcc/native/3.4.2.1002/avr8-gnu-toolchain/bin/../lib/gcc/avr/4.7.2/../../../../avr/lib/avr5\libc.a(vfprintf_std.o) (strnlen)
c:/program files (x86)/atmel/atmel toolchain/avr8 gcc/native/3.4.2.1002/avr8-gnu-toolchain/bin/../lib/gcc/avr/4.7.2/../../../../avr/lib/avr5\libc.a(strrev.o)
                              c:/program files (x86)/atmel/atmel toolchain/avr8 gcc/native/3.4.2.1002/avr8-gnu-toolchain/bin/../lib/gcc/avr/4.7.2/../../../../avr/lib/avr5\libc.a(itoa.o) (strrev)
[...]
Memory Configuration

Name             Origin             Length             Attributes
text             0x00000000         0x00020000         xr
data             0x00800060         0x0000ffa0         rw !x
eeprom           0x00810000         0x00010000         rw !x
fuse             0x00820000         0x00000400         rw !x
lock             0x00830000         0x00000400         rw !x
signature        0x00840000         0x00000400         rw !x
user_signatures  0x00850000         0x00000400         rw !x
*default*        0x00000000         0xffffffff

Linker script and memory map

Address of section .data set to 0x800100
LOAD c:/program files (x86)/atmel/atmel toolchain/avr8 gcc/native/3.4.2.1002/avr8-gnu-toolchain/bin/../lib/gcc/avr/4.7.2/../../../../avr/lib/avr5/crtm32u4.o
LOAD buf_lcd.o
LOAD data_collect.o
LOAD Descriptors.o
LOAD lcd44780.o
LOAD warstwy.o
LOAD ds18b20.o
LOAD i2c_twi.o
LOAD OWI/OWIcrc.o
LOAD OWI/OWIHighLevelFunctions.o
LOAD OWI/OWISWBitFunctions.o
LOAD OWI/OWIUARTBitFunctions.o
LOAD src/LUFA/LUFA/Drivers/USB/Class/Common/HIDParser.o
LOAD src/LUFA/LUFA/Drivers/USB/Class/Device/AudioClassDevice.o
LOAD src/LUFA/LUFA/Drivers/USB/Class/Device/CDCClassDevice.o
LOAD src/LUFA/LUFA/Drivers/USB/Class/Device/HIDClassDevice.o
LOAD src/LUFA/LUFA/Drivers/USB/Class/Device/MassStorageClassDevice.o
LOAD src/LUFA/LUFA/Drivers/USB/Class/Device/MIDIClassDevice.o
LOAD src/LUFA/LUFA/Drivers/USB/Class/Device/PrinterClassDevice.o
LOAD src/LUFA/LUFA/Drivers/USB/Class/Device/RNDISClassDevice.o
LOAD src/LUFA/LUFA/Drivers/USB/Class/Host/AndroidAccessoryClassHost.o
LOAD src/LUFA/LUFA/Drivers/USB/Class/Host/AudioClassHost.o
LOAD src/LUFA/LUFA/Drivers/USB/Class/Host/CDCClassHost.o
LOAD src/LUFA/LUFA/Drivers/USB/Class/Host/HIDClassHost.o
LOAD src/LUFA/LUFA/Drivers/USB/Class/Host/MassStorageClassHost.o
LOAD src/LUFA/LUFA/Drivers/USB/Class/Host/MIDIClassHost.o
LOAD src/LUFA/LUFA/Drivers/USB/Class/Host/PrinterClassHost.o
LOAD src/LUFA/LUFA/Drivers/USB/Class/Host/RNDISClassHost.o
LOAD src/LUFA/LUFA/Drivers/USB/Class/Host/StillImageClassHost.o
LOAD src/LUFA/LUFA/Drivers/USB/Core/AVR8/Device_AVR8.o
LOAD src/LUFA/LUFA/Drivers/USB/Core/AVR8/EndpointStream_AVR8.o
LOAD src/LUFA/LUFA/Drivers/USB/Core/AVR8/Endpoint_AVR8.o
LOAD src/LUFA/LUFA/Drivers/USB/Core/AVR8/Host_AVR8.o
LOAD src/LUFA/LUFA/Drivers/USB/Core/AVR8/PipeStream_AVR8.o
LOAD src/LUFA/LUFA/Drivers/USB/Core/AVR8/Pipe_AVR8.o
LOAD src/LUFA/LUFA/Drivers/USB/Core/AVR8/Template/Template_Endpoint_Control_R.o
LOAD src/LUFA/LUFA/Drivers/USB/Core/AVR8/Template/Template_Endpoint_Control_W.o
LOAD src/LUFA/LUFA/Drivers/USB/Core/AVR8/Template/Template_Endpoint_RW.o
LOAD src/LUFA/LUFA/Drivers/USB/Core/AVR8/Template/Template_Pipe_RW.o
LOAD src/LUFA/LUFA/Drivers/USB/Core/AVR8/USBController_AVR8.o
LOAD src/LUFA/LUFA/Drivers/USB/Core/AVR8/USBInterrupt_AVR8.o
LOAD src/LUFA/LUFA/Drivers/USB/Core/ConfigDescriptors.o
LOAD src/LUFA/LUFA/Drivers/USB/Core/DeviceStandardReq.o
LOAD src/LUFA/LUFA/Drivers/USB/Core/Events.o
LOAD src/LUFA/LUFA/Drivers/USB/Core/HostStandardReq.o
LOAD src/LUFA/LUFA/Drivers/USB/Core/USBTask.o
LOAD VirtualSerial.o
START GROUP
LOAD c:/program files (x86)/atmel/atmel toolchain/avr8 gcc/native/3.4.2.1002/avr8-gnu-toolchain/bin/../lib/gcc/avr/4.7.2/../../../../avr/lib/avr5\libm.a
END GROUP
LOAD c:/program files (x86)/atmel/atmel toolchain/avr8 gcc/native/3.4.2.1002/avr8-gnu-toolchain/bin/../lib/gcc/avr/4.7.2/avr5\libgcc.a
LOAD c:/program files (x86)/atmel/atmel toolchain/avr8 gcc/native/3.4.2.1002/avr8-gnu-toolchain/bin/../lib/gcc/avr/4.7.2/../../../../avr/lib/avr5\libc.a
LOAD c:/program files (x86)/atmel/atmel toolchain/avr8 gcc/native/3.4.2.1002/avr8-gnu-toolchain/bin/../lib/gcc/avr/4.7.2/avr5\libgcc.a

.hash
 *(.hash)

.dynsym
 *(.dynsym)

.dynstr
 *(.dynstr)

.gnu.version
 *(.gnu.version)

.gnu.version_d
 *(.gnu.version_d)

.gnu.version_r
 *(.gnu.version_r)

.rel.init
 *(.rel.init)

.rela.init
 *(.rela.init)

.rel.text
 *(.rel.text)
 *(.rel.text.*)
 *(.rel.gnu.linkonce.t*)

.rela.text
 *(.rela.text)
 *(.rela.text.*)
 *(.rela.gnu.linkonce.t*)

.rel.fini
 *(.rel.fini)

.rela.fini
 *(.rela.fini)

.rel.rodata
 *(.rel.rodata)
 *(.rel.rodata.*)
 *(.rel.gnu.linkonce.r*)

.rela.rodata
 *(.rela.rodata)
 *(.rela.rodata.*)
 *(.rela.gnu.linkonce.r*)

.rel.data
 *(.rel.data)
 *(.rel.data.*)
 *(.rel.gnu.linkonce.d*)

.rela.data
 *(.rela.data)
 *(.rela.data.*)
 *(.rela.gnu.linkonce.d*)

.rel.ctors
 *(.rel.ctors)

.rela.ctors
 *(.rela.ctors)

.rel.dtors
 *(.rel.dtors)

.rela.dtors
 *(.rela.dtors)

.rel.got
 *(.rel.got)

.rela.got
 *(.rela.got)

.rel.bss
 *(.rel.bss)

.rela.bss
 *(.rela.bss)

.rel.plt
 *(.rel.plt)

.rela.plt
 *(.rela.plt)

.text           0x00000000     0x3466
 *(.vectors)
 .vectors       0x00000000       0xac c:/program files (x86)/atmel/atmel toolchain/avr8 gcc/native/3.4.2.1002/avr8-gnu-toolchain/bin/../lib/gcc/avr/4.7.2/../../../../avr/lib/avr5/crtm32u4.o
                0x00000000                __vector_default
                0x00000000                __vectors
 *(.vectors)
 *(.progmem.gcc*)
 *(.progmem*)
 .progmem.data.ProductString
                0x000000ac       0x1e Descriptors.o
                0x000000ac                ProductString
 .progmem.data.ManufacturerString
                0x000000ca       0x1a Descriptors.o
                0x000000ca                ManufacturerString
 .progmem.data.LanguageString
                0x000000e4        0x4 Descriptors.o
                0x000000e4                LanguageString
 .progmem.data.ConfigurationDescriptor
                0x000000e8       0x3e Descriptors.o
                0x000000e8                ConfigurationDescriptor
 .progmem.data.DeviceDescriptor
                0x00000126       0x12 Descriptors.o
                0x00000126                DeviceDescriptor
                0x00000138                . = ALIGN (0x2)
                0x00000138                __trampolines_start = .
 *(.trampolines)
 .trampolines   0x00000138        0x0 linker stubs
 *(.trampolines*)
                0x00000138                __trampolines_end = .
 *(.jumptables)
 *(.jumptables*)
 *(.lowtext)
 *(.lowtext*)
                0x00000138                __ctors_start = .
 *(.ctors)
                0x00000138                __ctors_end = .
                0x00000138                __dtors_start = .
 *(.dtors)
                0x00000138                __dtors_end = .
 SORT(*)(.ctors)
 SORT(*)(.dtors)
 *(.init0)
 .init0         0x00000138        0x0 c:/program files (x86)/atmel/atmel toolchain/avr8 gcc/native/3.4.2.1002/avr8-gnu-toolchain/bin/../lib/gcc/avr/4.7.2/../../../../avr/lib/avr5/crtm32u4.o
                0x00000138                __init
 *(.init0)
 *(.init1)
 *(.init1)
 *(.init2)
 .init2         0x00000138        0xc c:/program files (x86)/atmel/atmel toolchain/avr8 gcc/native/3.4.2.1002/avr8-gnu-toolchain/bin/../lib/gcc/avr/4.7.2/../../../../avr/lib/avr5/crtm32u4.o
 *(.init2)
 *(.init3)
 *(.init3)
 *(.init4)
 .init4         0x00000144       0x16 c:/program files (x86)/atmel/atmel toolchain/avr8 gcc/native/3.4.2.1002/avr8-gnu-toolchain/bin/../lib/gcc/avr/4.7.2/avr5\libgcc.a(_copy_data.o)
                0x00000144                __do_copy_data
 .init4         0x0000015a       0x10 c:/program files (x86)/atmel/atmel toolchain/avr8 gcc/native/3.4.2.1002/avr8-gnu-toolchain/bin/../lib/gcc/avr/4.7.2/avr5\libgcc.a(_clear_bss.o)
                0x0000015a                __do_clear_bss
 *(.init4)
 *(.init5)
 *(.init5)
 *(.init6)
 *(.init6)
 *(.init7)
 *(.init7)
 *(.init8)
 *(.init8)
 *(.init9)
 .init9         0x0000016a        0x8 c:/program files (x86)/atmel/atmel toolchain/avr8 gcc/native/3.4.2.1002/avr8-gnu-toolchain/bin/../lib/gcc/avr/4.7.2/../../../../avr/lib/avr5/crtm32u4.o
 *(.init9)
 *(.text)
 .text          0x00000172        0x2 c:/program files (x86)/atmel/atmel toolchain/avr8 gcc/native/3.4.2.1002/avr8-gnu-toolchain/bin/../lib/gcc/avr/4.7.2/../../../../avr/lib/avr5/crtm32u4.o
                0x00000172                __vector_38
                0x00000172                __vector_22
                0x00000172                __vector_28
                0x00000172                __vector_1
                0x00000172                __vector_34
                0x00000172                __vector_24
                0x00000172                __vector_12
                0x00000172                __bad_interrupt
                0x00000172                __vector_6
                0x00000172                __vector_31
                0x00000172                __vector_35
                0x00000172                __vector_39
                0x00000172                __vector_23
                0x00000172                __vector_30
                0x00000172                __vector_25
                0x00000172                __vector_13
                0x00000172                __vector_19
                0x00000172                __vector_41
                0x00000172                __vector_27
                0x00000172                __vector_5
                0x00000172                __vector_33
                0x00000172                __vector_37
                0x00000172                __vector_9
                0x00000172                __vector_2
                0x00000172                __vector_15
                0x00000172                __vector_36
                0x00000172                __vector_29
                0x00000172                __vector_40
                0x00000172                __vector_8
                0x00000172                __vector_26
                0x00000172                __vector_14
                0x00000172                __vector_16
                0x00000172                __vector_18
                0x00000172                __vector_20
                0x00000172                __vector_42
                0x00000174                . = ALIGN (0x2)
 *(.text.*)
 .text.buf_cls  0x00000174       0x1e buf_lcd.o
                0x00000174                buf_cls
 .text.create_obj
                0x00000192       0x92 buf_lcd.o
                0x00000192                create_obj
 .text.buf_lcd_init
                0x00000224       0x24 buf_lcd.o
                0x00000224                buf_lcd_init
 .text.buf_locate
                0x00000248       0x1e buf_lcd.o
                0x00000248                buf_locate
 .text.buf_char
                0x00000266       0x30 buf_lcd.o
                0x00000266                buf_char
 .text.copy_buf
                0x00000296       0xee buf_lcd.o
                0x00000296                copy_buf
 .text.BARREL_EVENT
                0x00000384      0x10c buf_lcd.o
                0x00000384                BARREL_EVENT
 .text.buf_str  0x00000490       0x26 buf_lcd.o
                0x00000490                buf_str
 .text.Buttons_Init
                0x000004b6       0x28 data_collect.o
                0x000004b6                Buttons_Init
 .text.TimeCheckTimer0_Init
                0x000004de       0x1c data_collect.o
                0x000004de                TimeCheckTimer0_Init
 .text.__vector_21
                0x000004fa       0x42 data_collect.o
                0x000004fa                __vector_21
 .text.__vector_4
                0x0000053c       0x3e data_collect.o
                0x0000053c                __vector_4
 .text.TimerPushTimeout1_Init
                0x0000057a       0x22 data_collect.o
                0x0000057a                TimerPushTimeout1_Init
 .text.__vector_17
                0x0000059c       0x3e data_collect.o
                0x0000059c                __vector_17
 .text.TimerDebounce3_Init
                0x000005da       0x22 data_collect.o
                0x000005da                TimerDebounce3_Init
 .text.__vector_32
                0x000005fc       0x2c data_collect.o
                0x000005fc                __vector_32
 .text.IncrementTimeCell
                0x00000628       0x40 data_collect.o
                0x00000628                IncrementTimeCell
 .text.__vector_7
                0x00000668       0x54 data_collect.o
                0x00000668                __vector_7
 .text.DecrementTimeCell
                0x000006bc       0x44 data_collect.o
                0x000006bc                DecrementTimeCell
 .text.__vector_3
                0x00000700       0x54 data_collect.o
                0x00000700                __vector_3
 .text.CALLBACK_USB_GetDescriptor
                0x00000754       0x7e Descriptors.o
                0x00000754                CALLBACK_USB_GetDescriptor
 .text._lcd_read_byte
                0x000007d2       0x3e lcd44780.o
                0x000007d2                _lcd_read_byte
 .text.check_BF
                0x00000810        0x4 lcd44780.o
                0x00000810                check_BF
 .text._lcd_write_byte
                0x00000814       0x70 lcd44780.o
                0x00000814                _lcd_write_byte
 .text.lcd_write_cmd
                0x00000884        0x4 lcd44780.o
                0x00000884                lcd_write_cmd
 .text.lcd_write_data
                0x00000888        0x4 lcd44780.o
                0x00000888                lcd_write_data
 .text.lcd_char
                0x0000088c        0xc lcd44780.o
                0x0000088c                lcd_char
 .text.lcd_locate
                0x00000898       0x1c lcd44780.o
                0x00000898                lcd_locate
 .text.lcd_cls  0x000008b4        0x4 lcd44780.o
                0x000008b4                lcd_cls
 .text.lcd_init
                0x000008b8       0x98 lcd44780.o
                0x000008b8                lcd_init
 .text.CheckCurrentVisibleLayer
                0x00000950       0x1c warstwy.o
                0x00000950                CheckCurrentVisibleLayer
 .text.DateDisplayWindow_Event
                0x0000096c      0x17c warstwy.o
                0x0000096c                DateDisplayWindow_Event
 .text.LowestHighestTempWindow_Event
                0x00000ae8      0x306 warstwy.o
                0x00000ae8                LowestHighestTempWindow_Event
 .text.SpecificTimeWindow_Event
                0x00000dee      0x1c4 warstwy.o
                0x00000dee                SpecificTimeWindow_Event
 .text.ds18b20_ReadROM
                0x00000fb2      0x278 ds18b20.o
                0x00000fb2                ds18b20_ReadROM
 .text.ds18b20_ReadTemp
                0x0000122a       0x60 ds18b20.o
                0x0000122a                ds18b20_ReadTemp
 .text.ds18b20_WriteScratchpad
                0x0000128a       0x46 ds18b20.o
                0x0000128a                ds18b20_WriteScratchpad
 .text.i2cSetBitrate
                0x000012d0       0x28 i2c_twi.o
                0x000012d0                i2cSetBitrate
 .text.TWI_start
                0x000012f8       0x12 i2c_twi.o
                0x000012f8                TWI_start
 .text.TWI_stop
                0x0000130a       0x12 i2c_twi.o
                0x0000130a                TWI_stop
 .text.TWI_write
                0x0000131c       0x16 i2c_twi.o
                0x0000131c                TWI_write
 .text.TWI_read
                0x00001332       0x20 i2c_twi.o
                0x00001332                TWI_read
 .text.TWI_write_buf
                0x00001352       0x36 i2c_twi.o
                0x00001352                TWI_write_buf
 .text.TWI_read_buf
                0x00001388       0x58 i2c_twi.o
                0x00001388                TWI_read_buf
 .text.dec2bcd  0x000013e0       0x26 i2c_twi.o
                0x000013e0                dec2bcd
 .text.ds1307_SetCurrentDate
                0x00001406       0x52 i2c_twi.o
                0x00001406                ds1307_SetCurrentDate
 .text.ds1307_SetCurrentTime
                0x00001458       0x48 i2c_twi.o
                0x00001458                ds1307_SetCurrentTime
 .text.bcd2dec  0x000014a0       0x16 i2c_twi.o
                0x000014a0                bcd2dec
 .text.ds1307_GetCurrentDate
                0x000014b6       0x52 i2c_twi.o
                0x000014b6                ds1307_GetCurrentDate
 .text.ds1307_GetCurrentTime
                0x00001508       0x42 i2c_twi.o
                0x00001508                ds1307_GetCurrentTime
 .text.OWI_SendByte
                0x0000154a       0x28 OWI/OWIHighLevelFunctions.o
                0x0000154a                OWI_SendByte
 .text.OWI_ReceiveByte
                0x00001572       0x24 OWI/OWIHighLevelFunctions.o
                0x00001572                OWI_ReceiveByte
 .text.OWI_SkipRom
                0x00001596        0x6 OWI/OWIHighLevelFunctions.o
                0x00001596                OWI_SkipRom
 .text.OWI_ReadRom
                0x0000159c       0x30 OWI/OWIHighLevelFunctions.o
                0x0000159c                OWI_ReadRom
 .text.OWI_WriteBit1
                0x000015cc       0x36 OWI/OWISWBitFunctions.o
                0x000015cc                OWI_WriteBit1
 .text.OWI_WriteBit0
                0x00001602       0x38 OWI/OWISWBitFunctions.o
                0x00001602                OWI_WriteBit0
 .text.OWI_ReadBit
                0x0000163a       0x40 OWI/OWISWBitFunctions.o
                0x0000163a                OWI_ReadBit
 .text.OWI_DetectPresence
                0x0000167a       0x4e OWI/OWISWBitFunctions.o
                0x0000167a                OWI_DetectPresence
 .text.CDC_Device_ConfigureEndpoints
                0x000016c8       0x4e src/LUFA/LUFA/Drivers/USB/Class/Device/CDCClassDevice.o
                0x000016c8                CDC_Device_ConfigureEndpoints
 .text.CDC_Device_SendData
                0x00001716       0x46 src/LUFA/LUFA/Drivers/USB/Class/Device/CDCClassDevice.o
                0x00001716                CDC_Device_SendData
 .text.CDC_Device_SendByte
                0x0000175c       0x50 src/LUFA/LUFA/Drivers/USB/Class/Device/CDCClassDevice.o
                0x0000175c                CDC_Device_SendByte
 .text.CDC_Device_putchar
                0x000017ac       0x1e src/LUFA/LUFA/Drivers/USB/Class/Device/CDCClassDevice.o
 .text.CDC_Device_Flush
                0x000017ca       0x66 src/LUFA/LUFA/Drivers/USB/Class/Device/CDCClassDevice.o
                0x000017ca                CDC_Device_Flush
 .text.CDC_Device_USBTask
                0x00001830       0x2c src/LUFA/LUFA/Drivers/USB/Class/Device/CDCClassDevice.o
                0x00001830                CDC_Device_USBTask
 .text.CDC_Device_BytesReceived
                0x0000185c       0x72 src/LUFA/LUFA/Drivers/USB/Class/Device/CDCClassDevice.o
                0x0000185c                CDC_Device_BytesReceived
 .text.CDC_Device_ReceiveByte
                0x000018ce       0x7c src/LUFA/LUFA/Drivers/USB/Class/Device/CDCClassDevice.o
                0x000018ce                CDC_Device_ReceiveByte
 .text.CDC_Device_getchar
                0x0000194a       0x18 src/LUFA/LUFA/Drivers/USB/Class/Device/CDCClassDevice.o
 .text.CDC_Device_CreateStream
                0x00001962       0x26 src/LUFA/LUFA/Drivers/USB/Class/Device/CDCClassDevice.o
                0x00001962                CDC_Device_CreateStream
 .text.CDC_Device_Event_Stub
                0x00001988        0x2 src/LUFA/LUFA/Drivers/USB/Class/Device/CDCClassDevice.o
                0x00001988                EVENT_CDC_Device_ControLineStateChanged
                0x00001988                EVENT_CDC_Device_BreakSent
                0x00001988                CDC_Device_Event_Stub
                0x00001988                EVENT_CDC_Device_LineEncodingChanged
 .text.CDC_Device_ProcessControlRequest
                0x0000198a      0x140 src/LUFA/LUFA/Drivers/USB/Class/Device/CDCClassDevice.o
                0x0000198a                CDC_Device_ProcessControlRequest
 .text.Endpoint_Write_Stream_LE
                0x00001aca       0xc2 src/LUFA/LUFA/Drivers/USB/Core/AVR8/EndpointStream_AVR8.o
                0x00001aca                Endpoint_Write_Stream_LE
 .text.Endpoint_Write_Control_Stream_LE
                0x00001b8c      0x10e src/LUFA/LUFA/Drivers/USB/Core/AVR8/EndpointStream_AVR8.o
                0x00001b8c                Endpoint_Write_Control_Stream_LE
 .text.Endpoint_Write_Control_PStream_LE
                0x00001c9a      0x110 src/LUFA/LUFA/Drivers/USB/Core/AVR8/EndpointStream_AVR8.o
                0x00001c9a                Endpoint_Write_Control_PStream_LE
 .text.Endpoint_ConfigureEndpoint_Prv
                0x00001daa       0xc8 src/LUFA/LUFA/Drivers/USB/Core/AVR8/Endpoint_AVR8.o
                0x00001daa                Endpoint_ConfigureEndpoint_Prv
 .text.Endpoint_ConfigureEndpointTable
                0x00001e72       0xce src/LUFA/LUFA/Drivers/USB/Core/AVR8/Endpoint_AVR8.o
                0x00001e72                Endpoint_ConfigureEndpointTable
 .text.Endpoint_ClearStatusStage
                0x00001f40       0x4a src/LUFA/LUFA/Drivers/USB/Core/AVR8/Endpoint_AVR8.o
                0x00001f40                Endpoint_ClearStatusStage
 .text.Endpoint_WaitUntilReady
                0x00001f8a       0x82 src/LUFA/LUFA/Drivers/USB/Core/AVR8/Endpoint_AVR8.o
                0x00001f8a                Endpoint_WaitUntilReady
 .text.USB_ResetInterface
                0x0000200c       0x80 src/LUFA/LUFA/Drivers/USB/Core/AVR8/USBController_AVR8.o
                0x0000200c                USB_ResetInterface
 .text.USB_Init
                0x0000208c       0x20 src/LUFA/LUFA/Drivers/USB/Core/AVR8/USBController_AVR8.o
                0x0000208c                USB_Init
 .text.USB_INT_DisableAllInterrupts
                0x000020ac       0x10 src/LUFA/LUFA/Drivers/USB/Core/AVR8/USBInterrupt_AVR8.o
                0x000020ac                USB_INT_DisableAllInterrupts
 .text.USB_INT_ClearAllInterrupts
                0x000020bc        0xa src/LUFA/LUFA/Drivers/USB/Core/AVR8/USBInterrupt_AVR8.o
                0x000020bc                USB_INT_ClearAllInterrupts
 .text.__vector_10
                0x000020c6      0x18a src/LUFA/LUFA/Drivers/USB/Core/AVR8/USBInterrupt_AVR8.o
                0x000020c6                __vector_10
 .text.__vector_11
                0x00002250       0x96 src/LUFA/LUFA/Drivers/USB/Core/AVR8/USBInterrupt_AVR8.o
                0x00002250                __vector_11
 .text.USB_Device_ProcessControlRequest
                0x000022e6      0x2f2 src/LUFA/LUFA/Drivers/USB/Core/DeviceStandardReq.o
                0x000022e6                USB_Device_ProcessControlRequest
 .text.USB_Event_Stub
                0x000025d8        0x2 src/LUFA/LUFA/Drivers/USB/Core/Events.o
                0x000025d8                USB_Event_Stub
                0x000025d8                EVENT_USB_Device_Suspend
                0x000025d8                EVENT_USB_Device_StartOfFrame
                0x000025d8                EVENT_USB_Device_Reset
                0x000025d8                EVENT_USB_Device_WakeUp
 .text.USB_USBTask
                0x000025da       0x36 src/LUFA/LUFA/Drivers/USB/Core/USBTask.o
                0x000025da                USB_USBTask
 .text.SetupHardware
                0x00002610       0x4a VirtualSerial.o
                0x00002610                SetupHardware
 .text.EVENT_USB_Device_Connect
                0x0000265a        0x2 VirtualSerial.o
                0x0000265a                EVENT_USB_Device_Connect
 .text.EVENT_USB_Device_Disconnect
                0x0000265c        0x2 VirtualSerial.o
                0x0000265c                EVENT_USB_Device_Disconnect
 .text.EVENT_USB_Device_ConfigurationChanged
                0x0000265e        0x6 VirtualSerial.o
                0x0000265e                EVENT_USB_Device_ConfigurationChanged
 .text.EVENT_USB_Device_ControlRequest
                0x00002664        0x6 VirtualSerial.o
                0x00002664                EVENT_USB_Device_ControlRequest
 .text.GetCrc   0x0000266a       0x50 VirtualSerial.o
                0x0000266a                GetCrc
 .text.SendAnsferAfterSetCommand
                0x000026ba       0x24 VirtualSerial.o
                0x000026ba                SendAnsferAfterSetCommand
 .text.ButtonsTimeChange
                0x000026de       0xba VirtualSerial.o
                0x000026de                ButtonsTimeChange
 .text.main     0x00002798      0x6de VirtualSerial.o
                0x00002798                main
 .text.libgcc.div
                0x00002e76       0x28 c:/program files (x86)/atmel/atmel toolchain/avr8 gcc/native/3.4.2.1002/avr8-gnu-toolchain/bin/../lib/gcc/avr/4.7.2/avr5\libgcc.a(_udivmodhi4.o)
                0x00002e76                __udivmodhi4
 .text.libgcc.builtins
                0x00002e9e       0x1e c:/program files (x86)/atmel/atmel toolchain/avr8 gcc/native/3.4.2.1002/avr8-gnu-toolchain/bin/../lib/gcc/avr/4.7.2/avr5\libgcc.a(_ashldi3.o)
                0x00002e9e                __ashldi3
 .text.libgcc   0x00002ebc       0x12 c:/program files (x86)/atmel/atmel toolchain/avr8 gcc/native/3.4.2.1002/avr8-gnu-toolchain/bin/../lib/gcc/avr/4.7.2/avr5\libgcc.a(_adddi3.o)
                0x00002ebc                __adddi3
 .text.avr-libc
                0x00002ece        0xe c:/program files (x86)/atmel/atmel toolchain/avr8 gcc/native/3.4.2.1002/avr8-gnu-toolchain/bin/../lib/gcc/avr/4.7.2/../../../../avr/lib/avr5\libc.a(memset.o)
                0x00002ece                memset
 .text.avr-libc
                0x00002edc       0x3e c:/program files (x86)/atmel/atmel toolchain/avr8 gcc/native/3.4.2.1002/avr8-gnu-toolchain/bin/../lib/gcc/avr/4.7.2/../../../../avr/lib/avr5\libc.a(sprintf.o)
                0x00002edc                sprintf
 .text.avr-libc
                0x00002f1a      0x39a c:/program files (x86)/atmel/atmel toolchain/avr8 gcc/native/3.4.2.1002/avr8-gnu-toolchain/bin/../lib/gcc/avr/4.7.2/../../../../avr/lib/avr5\libc.a(vfprintf_std.o)
                0x00002f1a                vfprintf
 .text.avr-libc
                0x000032b4       0x16 c:/program files (x86)/atmel/atmel toolchain/avr8 gcc/native/3.4.2.1002/avr8-gnu-toolchain/bin/../lib/gcc/avr/4.7.2/../../../../avr/lib/avr5\libc.a(strnlen_P.o)
                0x000032b4                strnlen_P
 .text.avr-libc
                0x000032ca       0x16 c:/program files (x86)/atmel/atmel toolchain/avr8 gcc/native/3.4.2.1002/avr8-gnu-toolchain/bin/../lib/gcc/avr/4.7.2/../../../../avr/lib/avr5\libc.a(strnlen.o)
                0x000032ca                strnlen
 .text.avr-libc
                0x000032e0       0x58 c:/program files (x86)/atmel/atmel toolchain/avr8 gcc/native/3.4.2.1002/avr8-gnu-toolchain/bin/../lib/gcc/avr/4.7.2/../../../../avr/lib/avr5\libc.a(fputc.o)
                0x000032e0                fputc
 .text.avr-libc
                0x00003338       0xbc c:/program files (x86)/atmel/atmel toolchain/avr8 gcc/native/3.4.2.1002/avr8-gnu-toolchain/bin/../lib/gcc/avr/4.7.2/../../../../avr/lib/avr5\libc.a(ultoa_invert.o)
                0x00003338                __ultoa_invert
 .text.libgcc.prologue
                0x000033f4       0x38 c:/program files (x86)/atmel/atmel toolchain/avr8 gcc/native/3.4.2.1002/avr8-gnu-toolchain/bin/../lib/gcc/avr/4.7.2/avr5\libgcc.a(_prologue.o)
                0x000033f4                __prologue_saves__
 .text.libgcc.prologue
                0x0000342c       0x36 c:/program files (x86)/atmel/atmel toolchain/avr8 gcc/native/3.4.2.1002/avr8-gnu-toolchain/bin/../lib/gcc/avr/4.7.2/avr5\libgcc.a(_epilogue.o)
                0x0000342c                __epilogue_restores__
                0x00003462                . = ALIGN (0x2)
 *(.fini9)
 .fini9         0x00003462        0x0 c:/program files (x86)/atmel/atmel toolchain/avr8 gcc/native/3.4.2.1002/avr8-gnu-toolchain/bin/../lib/gcc/avr/4.7.2/avr5\libgcc.a(_exit.o)
                0x00003462                _exit
                0x00003462                exit
 *(.fini9)
 *(.fini8)
 *(.fini8)
 *(.fini7)
 *(.fini7)
 *(.fini6)
 *(.fini6)
 *(.fini5)
 *(.fini5)
 *(.fini4)
 *(.fini4)
 *(.fini3)
 *(.fini3)
 *(.fini2)
 *(.fini2)
 *(.fini1)
 *(.fini1)
 *(.fini0)
 .fini0         0x00003462        0x4 c:/program files (x86)/atmel/atmel toolchain/avr8 gcc/native/3.4.2.1002/avr8-gnu-toolchain/bin/../lib/gcc/avr/4.7.2/avr5\libgcc.a(_exit.o)
 *(.fini0)
                0x00003466                _etext = .

.data           0x00800100      0x13e load address 0x00003466
                0x00800100                PROVIDE (__data_start, .)
 *(.data)
 .data          0x00800100        0x0 c:/program files (x86)/atmel/atmel toolchain/avr8 gcc/native/3.4.2.1002/avr8-gnu-toolchain/bin/../lib/gcc/avr/4.7.2/../../../../avr/lib/avr5/crtm32u4.o
 .data          0x00800100        0x0 buf_lcd.o
 .data          0x00800100        0x0 data_collect.o
 .data          0x00800100        0x0 Descriptors.o
 .data          0x00800100        0x0 lcd44780.o
 .data          0x00800100        0x0 warstwy.o
 .data          0x00800100        0x0 ds18b20.o
 .data          0x00800100        0x0 i2c_twi.o
 .data          0x00800100        0x0 OWI/OWIcrc.o
 .data          0x00800100        0x0 OWI/OWIHighLevelFunctions.o
 .data          0x00800100        0x0 OWI/OWISWBitFunctions.o
 .data          0x00800100        0x0 OWI/OWIUARTBitFunctions.o
 .data          0x00800100        0x0 src/LUFA/LUFA/Drivers/USB/Class/Common/HIDParser.o
 .data          0x00800100        0x0 src/LUFA/LUFA/Drivers/USB/Class/Device/AudioClassDevice.o
 .data          0x00800100        0x0 src/LUFA/LUFA/Drivers/USB/Class/Device/CDCClassDevice.o
 .data          0x00800100        0x0 src/LUFA/LUFA/Drivers/USB/Class/Device/HIDClassDevice.o
 .data          0x00800100        0x0 src/LUFA/LUFA/Drivers/USB/Class/Device/MassStorageClassDevice.o
 .data          0x00800100        0x0 src/LUFA/LUFA/Drivers/USB/Class/Device/MIDIClassDevice.o
 .data          0x00800100        0x0 src/LUFA/LUFA/Drivers/USB/Class/Device/PrinterClassDevice.o
 .data          0x00800100        0x0 src/LUFA/LUFA/Drivers/USB/Class/Device/RNDISClassDevice.o
 .data          0x00800100        0x0 src/LUFA/LUFA/Drivers/USB/Class/Host/AndroidAccessoryClassHost.o
 .data          0x00800100        0x0 src/LUFA/LUFA/Drivers/USB/Class/Host/AudioClassHost.o
 .data          0x00800100        0x0 src/LUFA/LUFA/Drivers/USB/Class/Host/CDCClassHost.o
 .data          0x00800100        0x0 src/LUFA/LUFA/Drivers/USB/Class/Host/HIDClassHost.o
 .data          0x00800100        0x0 src/LUFA/LUFA/Drivers/USB/Class/Host/MassStorageClassHost.o
 .data          0x00800100        0x0 src/LUFA/LUFA/Drivers/USB/Class/Host/MIDIClassHost.o
 .data          0x00800100        0x0 src/LUFA/LUFA/Drivers/USB/Class/Host/PrinterClassHost.o
 .data          0x00800100        0x0 src/LUFA/LUFA/Drivers/USB/Class/Host/RNDISClassHost.o
 .data          0x00800100        0x0 src/LUFA/LUFA/Drivers/USB/Class/Host/StillImageClassHost.o
 .data          0x00800100        0x0 src/LUFA/LUFA/Drivers/USB/Core/AVR8/Device_AVR8.o
 .data          0x00800100        0x0 src/LUFA/LUFA/Drivers/USB/Core/AVR8/EndpointStream_AVR8.o
 .data          0x00800100        0x0 src/LUFA/LUFA/Drivers/USB/Core/AVR8/Endpoint_AVR8.o
 .data          0x00800100        0x0 src/LUFA/LUFA/Drivers/USB/Core/AVR8/Host_AVR8.o
 .data          0x00800100        0x0 src/LUFA/LUFA/Drivers/USB/Core/AVR8/PipeStream_AVR8.o
 .data          0x00800100        0x0 src/LUFA/LUFA/Drivers/USB/Core/AVR8/Pipe_AVR8.o
 .data          0x00800100        0x0 src/LUFA/LUFA/Drivers/USB/Core/AVR8/Template/Template_Endpoint_Control_R.o
 .data          0x00800100        0x0 src/LUFA/LUFA/Drivers/USB/Core/AVR8/Template/Template_Endpoint_Control_W.o
 .data          0x00800100        0x0 src/LUFA/LUFA/Drivers/USB/Core/AVR8/Template/Template_Endpoint_RW.o
 .data          0x00800100        0x0 src/LUFA/LUFA/Drivers/USB/Core/AVR8/Template/Template_Pipe_RW.o
 .data          0x00800100        0x0 src/LUFA/LUFA/Drivers/USB/Core/AVR8/USBController_AVR8.o
 .data          0x00800100        0x0 src/LUFA/LUFA/Drivers/USB/Core/AVR8/USBInterrupt_AVR8.o
 .data          0x00800100        0x0 src/LUFA/LUFA/Drivers/USB/Core/ConfigDescriptors.o
 .data          0x00800100        0x0 src/LUFA/LUFA/Drivers/USB/Core/DeviceStandardReq.o
 .data          0x00800100        0x0 src/LUFA/LUFA/Drivers/USB/Core/Events.o
 .data          0x00800100        0x0 src/LUFA/LUFA/Drivers/USB/Core/HostStandardReq.o
 .data          0x00800100        0x0 src/LUFA/LUFA/Drivers/USB/Core/USBTask.o
 .data          0x00800100        0x0 VirtualSerial.o
 .data          0x00800100        0x0 c:/program files (x86)/atmel/atmel toolchain/avr8 gcc/native/3.4.2.1002/avr8-gnu-toolchain/bin/../lib/gcc/avr/4.7.2/avr5\libgcc.a(_udivmodhi4.o)
 .data          0x00800100        0x0 c:/program files (x86)/atmel/atmel toolchain/avr8 gcc/native/3.4.2.1002/avr8-gnu-toolchain/bin/../lib/gcc/avr/4.7.2/avr5\libgcc.a(_exit.o)
 .data          0x00800100        0x0 c:/program files (x86)/atmel/atmel toolchain/avr8 gcc/native/3.4.2.1002/avr8-gnu-toolchain/bin/../lib/gcc/avr/4.7.2/avr5\libgcc.a(_tablejump.o)
 .data          0x00800100        0x0 c:/program files (x86)/atmel/atmel toolchain/avr8 gcc/native/3.4.2.1002/avr8-gnu-toolchain/bin/../lib/gcc/avr/4.7.2/avr5\libgcc.a(_copy_data.o)
 .data          0x00800100        0x0 c:/program files (x86)/atmel/atmel toolchain/avr8 gcc/native/3.4.2.1002/avr8-gnu-toolchain/bin/../lib/gcc/avr/4.7.2/avr5\libgcc.a(_clear_bss.o)
 .data          0x00800100        0x0 c:/program files (x86)/atmel/atmel toolchain/avr8 gcc/native/3.4.2.1002/avr8-gnu-toolchain/bin/../lib/gcc/avr/4.7.2/avr5\libgcc.a(_ashldi3.o)
 .data          0x00800100        0x0 c:/program files (x86)/atmel/atmel toolchain/avr8 gcc/native/3.4.2.1002/avr8-gnu-toolchain/bin/../lib/gcc/avr/4.7.2/avr5\libgcc.a(_adddi3.o)
 .data          0x00800100        0x0 c:/program files (x86)/atmel/atmel toolchain/avr8 gcc/native/3.4.2.1002/avr8-gnu-toolchain/bin/../lib/gcc/avr/4.7.2/../../../../avr/lib/avr5\libc.a(memcpy_P.o)
 .data          0x00800100        0x0 c:/program files (x86)/atmel/atmel toolchain/avr8 gcc/native/3.4.2.1002/avr8-gnu-toolchain/bin/../lib/gcc/avr/4.7.2/../../../../avr/lib/avr5\libc.a(memcmp.o)
 .data          0x00800100        0x0 c:/program files (x86)/atmel/atmel toolchain/avr8 gcc/native/3.4.2.1002/avr8-gnu-toolchain/bin/../lib/gcc/avr/4.7.2/../../../../avr/lib/avr5\libc.a(memcpy.o)
 .data          0x00800100        0x0 c:/program files (x86)/atmel/atmel toolchain/avr8 gcc/native/3.4.2.1002/avr8-gnu-toolchain/bin/../lib/gcc/avr/4.7.2/../../../../avr/lib/avr5\libc.a(memset.o)
 .data          0x00800100        0x0 c:/program files (x86)/atmel/atmel toolchain/avr8 gcc/native/3.4.2.1002/avr8-gnu-toolchain/bin/../lib/gcc/avr/4.7.2/../../../../avr/lib/avr5\libc.a(itoa.o)
 .data          0x00800100        0x0 c:/program files (x86)/atmel/atmel toolchain/avr8 gcc/native/3.4.2.1002/avr8-gnu-toolchain/bin/../lib/gcc/avr/4.7.2/../../../../avr/lib/avr5\libc.a(sprintf.o)
 .data          0x00800100        0x0 c:/program files (x86)/atmel/atmel toolchain/avr8 gcc/native/3.4.2.1002/avr8-gnu-toolchain/bin/../lib/gcc/avr/4.7.2/../../../../avr/lib/avr5\libc.a(vfprintf_std.o)
 .data          0x00800100        0x0 c:/program files (x86)/atmel/atmel toolchain/avr8 gcc/native/3.4.2.1002/avr8-gnu-toolchain/bin/../lib/gcc/avr/4.7.2/../../../../avr/lib/avr5\libc.a(eerd_byte_atmega32u4.o)
 .data          0x00800100        0x0 c:/program files (x86)/atmel/atmel toolchain/avr8 gcc/native/3.4.2.1002/avr8-gnu-toolchain/bin/../lib/gcc/avr/4.7.2/../../../../avr/lib/avr5\libc.a(eeupd_byte_atmega32u4.o)
 .data          0x00800100        0x0 c:/program files (x86)/atmel/atmel toolchain/avr8 gcc/native/3.4.2.1002/avr8-gnu-toolchain/bin/../lib/gcc/avr/4.7.2/../../../../avr/lib/avr5\libc.a(strnlen_P.o)
 .data          0x00800100        0x0 c:/program files (x86)/atmel/atmel toolchain/avr8 gcc/native/3.4.2.1002/avr8-gnu-toolchain/bin/../lib/gcc/avr/4.7.2/../../../../avr/lib/avr5\libc.a(strnlen.o)
 .data          0x00800100        0x0 c:/program files (x86)/atmel/atmel toolchain/avr8 gcc/native/3.4.2.1002/avr8-gnu-toolchain/bin/../lib/gcc/avr/4.7.2/../../../../avr/lib/avr5\libc.a(strrev.o)
 .data          0x00800100        0x0 c:/program files (x86)/atmel/atmel toolchain/avr8 gcc/native/3.4.2.1002/avr8-gnu-toolchain/bin/../lib/gcc/avr/4.7.2/../../../../avr/lib/avr5\libc.a(fputc.o)
 .data          0x00800100        0x0 c:/program files (x86)/atmel/atmel toolchain/avr8 gcc/native/3.4.2.1002/avr8-gnu-toolchain/bin/../lib/gcc/avr/4.7.2/../../../../avr/lib/avr5\libc.a(ultoa_invert.o)
 .data          0x00800100        0x0 c:/program files (x86)/atmel/atmel toolchain/avr8 gcc/native/3.4.2.1002/avr8-gnu-toolchain/bin/../lib/gcc/avr/4.7.2/avr5\libgcc.a(_prologue.o)
 .data          0x00800100        0x0 c:/program files (x86)/atmel/atmel toolchain/avr8 gcc/native/3.4.2.1002/avr8-gnu-toolchain/bin/../lib/gcc/avr/4.7.2/avr5\libgcc.a(_epilogue.o)
 *(.data*)
 .data.active_buf
                0x00800100        0x2 buf_lcd.o
                0x00800100                active_buf
 .data.lms10.1993
                0x00800102        0x1 buf_lcd.o
 .data.daysOfWeek
                0x00800103        0xe warstwy.o
                0x00800103                daysOfWeek
 .data.g_nrOfBytes2Receive
                0x00800111        0x1 VirtualSerial.o
                0x00800111                g_nrOfBytes2Receive
 .data.VirtualSerial_CDC_Interface
                0x00800112       0x1b VirtualSerial.o
                0x00800112                VirtualSerial_CDC_Interface
 *(.rodata)
 *(.rodata*)
 .rodata.str1.1
                0x0080012d      0x110 warstwy.o
 *(.gnu.linkonce.d*)
                0x0080023e                . = ALIGN (0x2)
 *fill*         0x0080023d        0x1 
                0x0080023e                _edata = .
                0x0080023e                PROVIDE (__data_end, .)

.bss            0x0080023e      0x220
                0x0080023e                PROVIDE (__bss_start, .)
 *(.bss)
 *(.bss*)
 .bss.timer1Counter
                0x0080023e        0x1 data_collect.o
                0x0080023e                timer1Counter
 .bss.g_startFastTimeSwap
                0x0080023f        0x1 data_collect.o
                0x0080023f                g_startFastTimeSwap
 .bss.g_specificMinute
                0x00800240        0x1 data_collect.o
                0x00800240                g_specificMinute
 .bss.g_specificHour
                0x00800241        0x1 data_collect.o
                0x00800241                g_specificHour
 .bss.g_ds18b20RomValue
                0x00800242        0x8 ds18b20.o
                0x00800242                g_ds18b20RomValue
 .bss.g_packetStatus
                0x0080024a        0x1 VirtualSerial.o
                0x0080024a                g_packetStatus
 .bss.USBSerialStream
                0x0080024b        0xe VirtualSerial.o
 .bss.counter.4390
                0x00800259        0x4 VirtualSerial.o
 *(COMMON)
 COMMON         0x0080025d       0x2c buf_lcd.o
                0x0080025d                buf_y
                0x0080025e                barrel
                0x00800266                buf_x
                0x00800267                s1_cnt
                0x00800268                hd_buf
                0x00800288                ms10_cnt
 COMMON         0x00800289      0x120 data_collect.o
                0x00800289                g_timeArray
 COMMON         0x008003a9       0x78 warstwy.o
                0x008003a9                g_specificTime_layer
                0x008003d0                w1y
                0x008003d1                g_dateAndTime_layer
                0x008003f8                g_lowestAndHighestTemp_layer
                0x0080041f                g_activeLayer
                0x00800420                w1x
 COMMON         0x00800421        0x9 ds18b20.o
                0x00800421                g_ds18b20TempValue
 COMMON         0x0080042a        0x7 i2c_twi.o
                0x0080042a                g_date
                0x0080042e                g_time
 COMMON         0x00800431        0x3 src/LUFA/LUFA/Drivers/USB/Core/DeviceStandardReq.o
                0x00800431                USB_Device_ConfigurationNumber
                0x00800432                USB_Device_CurrentlySelfPowered
                0x00800433                USB_Device_RemoteWakeupEnabled
 COMMON         0x00800434        0xa src/LUFA/LUFA/Drivers/USB/Core/USBTask.o
                0x00800434                USB_IsInitialized
                0x00800435                USB_DeviceState
                0x00800436                USB_ControlRequest
 COMMON         0x0080043e       0x20 VirtualSerial.o
                0x0080043e                g_rxBuffer
                0x0080044d                g_ds18b20RomValuePointer
                0x0080044f                g_txBuffer
                0x0080045e                PROVIDE (__bss_end, .)
                0x00003466                __data_load_start = LOADADDR (.data)
                0x000035a4                __data_load_end = (__data_load_start + SIZEOF (.data))

.noinit         0x0080045e        0x0
                0x0080045e                PROVIDE (__noinit_start, .)
 *(.noinit*)
                0x0080045e                PROVIDE (__noinit_end, .)
                0x0080045e                _end = .
                0x0080045e                PROVIDE (__heap_start, .)

.eeprom         0x00810000        0x0
 *(.eeprom*)
                0x00810000                __eeprom_end = .

.fuse
 *(.fuse)
 *(.lfuse)
 *(.hfuse)
 *(.efuse)

.lock
 *(.lock*)

.signature
 *(.signature*)

.user_signatures
 *(.user_signatures*)

.stab           0x00000000     0x1140
 *(.stab)
 .stab          0x00000000      0x6cc c:/program files (x86)/atmel/atmel toolchain/avr8 gcc/native/3.4.2.1002/avr8-gnu-toolchain/bin/../lib/gcc/avr/4.7.2/../../../../avr/lib/avr5/crtm32u4.o
 .stab          0x000006cc       0x84 c:/program files (x86)/atmel/atmel toolchain/avr8 gcc/native/3.4.2.1002/avr8-gnu-toolchain/bin/../lib/gcc/avr/4.7.2/../../../../avr/lib/avr5\libc.a(memcpy_P.o)
                                 0x90 (size before relaxing)
 .stab          0x00000750       0xb4 c:/program files (x86)/atmel/atmel toolchain/avr8 gcc/native/3.4.2.1002/avr8-gnu-toolchain/bin/../lib/gcc/avr/4.7.2/../../../../avr/lib/avr5\libc.a(memcmp.o)
                                 0xc0 (size before relaxing)
 .stab          0x00000804       0x84 c:/program files (x86)/atmel/atmel toolchain/avr8 gcc/native/3.4.2.1002/avr8-gnu-toolchain/bin/../lib/gcc/avr/4.7.2/../../../../avr/lib/avr5\libc.a(memcpy.o)
                                 0x90 (size before relaxing)
 .stab          0x00000888       0x6c c:/program files (x86)/atmel/atmel toolchain/avr8 gcc/native/3.4.2.1002/avr8-gnu-toolchain/bin/../lib/gcc/avr/4.7.2/../../../../avr/lib/avr5\libc.a(memset.o)
                                 0x78 (size before relaxing)
 .stab          0x000008f4       0x18 c:/program files (x86)/atmel/atmel toolchain/avr8 gcc/native/3.4.2.1002/avr8-gnu-toolchain/bin/../lib/gcc/avr/4.7.2/../../../../avr/lib/avr5\libc.a(itoa.o)
                                0x1bc (size before relaxing)
 .stab          0x0000090c       0x90 c:/program files (x86)/atmel/atmel toolchain/avr8 gcc/native/3.4.2.1002/avr8-gnu-toolchain/bin/../lib/gcc/avr/4.7.2/../../../../avr/lib/avr5\libc.a(eerd_byte_atmega32u4.o)
                                 0x9c (size before relaxing)
 .stab          0x0000099c      0x114 c:/program files (x86)/atmel/atmel toolchain/avr8 gcc/native/3.4.2.1002/avr8-gnu-toolchain/bin/../lib/gcc/avr/4.7.2/../../../../avr/lib/avr5\libc.a(eeupd_byte_atmega32u4.o)
                                0x120 (size before relaxing)
 .stab          0x00000ab0       0x9c c:/program files (x86)/atmel/atmel toolchain/avr8 gcc/native/3.4.2.1002/avr8-gnu-toolchain/bin/../lib/gcc/avr/4.7.2/../../../../avr/lib/avr5\libc.a(strnlen_P.o)
                                 0xa8 (size before relaxing)
 .stab          0x00000b4c       0x9c c:/program files (x86)/atmel/atmel toolchain/avr8 gcc/native/3.4.2.1002/avr8-gnu-toolchain/bin/../lib/gcc/avr/4.7.2/../../../../avr/lib/avr5\libc.a(strnlen.o)
                                 0xa8 (size before relaxing)
 .stab          0x00000be8       0xd8 c:/program files (x86)/atmel/atmel toolchain/avr8 gcc/native/3.4.2.1002/avr8-gnu-toolchain/bin/../lib/gcc/avr/4.7.2/../../../../avr/lib/avr5\libc.a(strrev.o)
                                 0xe4 (size before relaxing)
 .stab          0x00000cc0      0x480 c:/program files (x86)/atmel/atmel toolchain/avr8 gcc/native/3.4.2.1002/avr8-gnu-toolchain/bin/../lib/gcc/avr/4.7.2/../../../../avr/lib/avr5\libc.a(ultoa_invert.o)
                                0x48c (size before relaxing)

.stabstr        0x00000000      0x5a9
 *(.stabstr)
 .stabstr       0x00000000      0x5a9 c:/program files (x86)/atmel/atmel toolchain/avr8 gcc/native/3.4.2.1002/avr8-gnu-toolchain/bin/../lib/gcc/avr/4.7.2/../../../../avr/lib/avr5/crtm32u4.o

.stab.excl
 *(.stab.excl)

.stab.exclstr
 *(.stab.exclstr)

.stab.index
 *(.stab.index)

.stab.indexstr
 *(.stab.indexstr)

.comment        0x00000000       0x2f
 *(.comment)
 .comment       0x00000000       0x2f buf_lcd.o
                                 0x30 (size before relaxing)
 .comment       0x00000000       0x30 data_collect.o
 .comment       0x00000000       0x30 Descriptors.o
 .comment       0x00000000       0x30 lcd44780.o
 .comment       0x00000000       0x30 warstwy.o
 .comment       0x00000000       0x30 ds18b20.o
 .comment       0x00000000       0x30 i2c_twi.o
 .comment       0x00000000       0x30 OWI/OWIcrc.o
 .comment       0x00000000       0x30 OWI/OWIHighLevelFunctions.o
 .comment       0x00000000       0x30 OWI/OWISWBitFunctions.o
 .comment       0x00000000       0x30 OWI/OWIUARTBitFunctions.o
 .comment       0x00000000       0x30 src/LUFA/LUFA/Drivers/USB/Class/Common/HIDParser.o
 .comment       0x00000000       0x30 src/LUFA/LUFA/Drivers/USB/Class/Device/AudioClassDevice.o
 .comment       0x00000000       0x30 src/LUFA/LUFA/Drivers/USB/Class/Device/CDCClassDevice.o
 .comment       0x00000000       0x30 src/LUFA/LUFA/Drivers/USB/Class/Device/HIDClassDevice.o
 .comment       0x00000000       0x30 src/LUFA/LUFA/Drivers/USB/Class/Device/MassStorageClassDevice.o
 .comment       0x00000000       0x30 src/LUFA/LUFA/Drivers/USB/Class/Device/MIDIClassDevice.o
 .comment       0x00000000       0x30 src/LUFA/LUFA/Drivers/USB/Class/Device/PrinterClassDevice.o
 .comment       0x00000000       0x30 src/LUFA/LUFA/Drivers/USB/Class/Device/RNDISClassDevice.o
 .comment       0x00000000       0x30 src/LUFA/LUFA/Drivers/USB/Class/Host/AndroidAccessoryClassHost.o
 .comment       0x00000000       0x30 src/LUFA/LUFA/Drivers/USB/Class/Host/AudioClassHost.o
 .comment       0x00000000       0x30 src/LUFA/LUFA/Drivers/USB/Class/Host/CDCClassHost.o
 .comment       0x00000000       0x30 src/LUFA/LUFA/Drivers/USB/Class/Host/HIDClassHost.o
 .comment       0x00000000       0x30 src/LUFA/LUFA/Drivers/USB/Class/Host/MassStorageClassHost.o
 .comment       0x00000000       0x30 src/LUFA/LUFA/Drivers/USB/Class/Host/MIDIClassHost.o
 .comment       0x00000000       0x30 src/LUFA/LUFA/Drivers/USB/Class/Host/PrinterClassHost.o
 .comment       0x00000000       0x30 src/LUFA/LUFA/Drivers/USB/Class/Host/RNDISClassHost.o
 .comment       0x00000000       0x30 src/LUFA/LUFA/Drivers/USB/Class/Host/StillImageClassHost.o
 .comment       0x00000000       0x30 src/LUFA/LUFA/Drivers/USB/Core/AVR8/Device_AVR8.o
 .comment       0x00000000       0x30 src/LUFA/LUFA/Drivers/USB/Core/AVR8/EndpointStream_AVR8.o
 .comment       0x00000000       0x30 src/LUFA/LUFA/Drivers/USB/Core/AVR8/Endpoint_AVR8.o
 .comment       0x00000000       0x30 src/LUFA/LUFA/Drivers/USB/Core/AVR8/Host_AVR8.o
 .comment       0x00000000       0x30 src/LUFA/LUFA/Drivers/USB/Core/AVR8/PipeStream_AVR8.o
 .comment       0x00000000       0x30 src/LUFA/LUFA/Drivers/USB/Core/AVR8/Pipe_AVR8.o
 .comment       0x00000000       0x30 src/LUFA/LUFA/Drivers/USB/Core/AVR8/Template/Template_Endpoint_Control_R.o
 .comment       0x00000000       0x30 src/LUFA/LUFA/Drivers/USB/Core/AVR8/Template/Template_Endpoint_Control_W.o
 .comment       0x00000000       0x30 src/LUFA/LUFA/Drivers/USB/Core/AVR8/Template/Template_Endpoint_RW.o
 .comment       0x00000000       0x30 src/LUFA/LUFA/Drivers/USB/Core/AVR8/Template/Template_Pipe_RW.o
 .comment       0x00000000       0x30 src/LUFA/LUFA/Drivers/USB/Core/AVR8/USBController_AVR8.o
 .comment       0x00000000       0x30 src/LUFA/LUFA/Drivers/USB/Core/AVR8/USBInterrupt_AVR8.o
 .comment       0x00000000       0x30 src/LUFA/LUFA/Drivers/USB/Core/ConfigDescriptors.o
 .comment       0x00000000       0x30 src/LUFA/LUFA/Drivers/USB/Core/DeviceStandardReq.o
 .comment       0x00000000       0x30 src/LUFA/LUFA/Drivers/USB/Core/Events.o
 .comment       0x00000000       0x30 src/LUFA/LUFA/Drivers/USB/Core/HostStandardReq.o
 .comment       0x00000000       0x30 src/LUFA/LUFA/Drivers/USB/Core/USBTask.o
 .comment       0x00000000       0x30 VirtualSerial.o
 .comment       0x00000000       0x30 c:/program files (x86)/atmel/atmel toolchain/avr8 gcc/native/3.4.2.1002/avr8-gnu-toolchain/bin/../lib/gcc/avr/4.7.2/../../../../avr/lib/avr5\libc.a(sprintf.o)
 .comment       0x00000000       0x30 c:/program files (x86)/atmel/atmel toolchain/avr8 gcc/native/3.4.2.1002/avr8-gnu-toolchain/bin/../lib/gcc/avr/4.7.2/../../../../avr/lib/avr5\libc.a(vfprintf_std.o)
 .comment       0x00000000       0x30 c:/program files (x86)/atmel/atmel toolchain/avr8 gcc/native/3.4.2.1002/avr8-gnu-toolchain/bin/../lib/gcc/avr/4.7.2/../../../../avr/lib/avr5\libc.a(fputc.o)

.debug
 *(.debug)

.line
 *(.line)

.debug_srcinfo
 *(.debug_srcinfo)

.debug_sfnames
 *(.debug_sfnames)

.debug_aranges  0x00000000      0xa98
 *(.debug_aranges)
 .debug_aranges
                0x00000000       0x88 buf_lcd.o
 .debug_aranges
                0x00000088       0x78 data_collect.o
 .debug_aranges
                0x00000100       0x20 Descriptors.o
 .debug_aranges
                0x00000120       0xc8 lcd44780.o
 .debug_aranges
                0x000001e8       0x38 warstwy.o
 .debug_aranges
                0x00000220       0x30 ds18b20.o
 .debug_aranges
                0x00000250       0x80 i2c_twi.o
 .debug_aranges
                0x000002d0       0x30 OWI/OWIcrc.o
 .debug_aranges
                0x00000300       0x48 OWI/OWIHighLevelFunctions.o
 .debug_aranges
                0x00000348       0x40 OWI/OWISWBitFunctions.o
 .debug_aranges
                0x00000388       0x18 OWI/OWIUARTBitFunctions.o
 .debug_aranges
                0x000003a0       0x38 src/LUFA/LUFA/Drivers/USB/Class/Common/HIDParser.o
 .debug_aranges
                0x000003d8       0x30 src/LUFA/LUFA/Drivers/USB/Class/Device/AudioClassDevice.o
 .debug_aranges
                0x00000408       0x98 src/LUFA/LUFA/Drivers/USB/Class/Device/CDCClassDevice.o
 .debug_aranges
                0x000004a0       0x30 src/LUFA/LUFA/Drivers/USB/Class/Device/HIDClassDevice.o
 .debug_aranges
                0x000004d0       0x30 src/LUFA/LUFA/Drivers/USB/Class/Device/MassStorageClassDevice.o
 .debug_aranges
                0x00000500       0x40 src/LUFA/LUFA/Drivers/USB/Class/Device/MIDIClassDevice.o
 .debug_aranges
                0x00000540       0x90 src/LUFA/LUFA/Drivers/USB/Class/Device/PrinterClassDevice.o
 .debug_aranges
                0x000005d0       0x48 src/LUFA/LUFA/Drivers/USB/Class/Device/RNDISClassDevice.o
 .debug_aranges
                0x00000618       0x18 src/LUFA/LUFA/Drivers/USB/Class/Host/AndroidAccessoryClassHost.o
 .debug_aranges
                0x00000630       0x18 src/LUFA/LUFA/Drivers/USB/Class/Host/AudioClassHost.o
 .debug_aranges
                0x00000648       0x18 src/LUFA/LUFA/Drivers/USB/Class/Host/CDCClassHost.o
 .debug_aranges
                0x00000660       0x18 src/LUFA/LUFA/Drivers/USB/Class/Host/HIDClassHost.o
 .debug_aranges
                0x00000678       0x18 src/LUFA/LUFA/Drivers/USB/Class/Host/MassStorageClassHost.o
 .debug_aranges
                0x00000690       0x18 src/LUFA/LUFA/Drivers/USB/Class/Host/MIDIClassHost.o
 .debug_aranges
                0x000006a8       0x18 src/LUFA/LUFA/Drivers/USB/Class/Host/PrinterClassHost.o
 .debug_aranges
                0x000006c0       0x18 src/LUFA/LUFA/Drivers/USB/Class/Host/RNDISClassHost.o
 .debug_aranges
                0x000006d8       0x18 src/LUFA/LUFA/Drivers/USB/Class/Host/StillImageClassHost.o
 .debug_aranges
                0x000006f0       0x20 src/LUFA/LUFA/Drivers/USB/Core/AVR8/Device_AVR8.o
 .debug_aranges
                0x00000710       0xc8 src/LUFA/LUFA/Drivers/USB/Core/AVR8/EndpointStream_AVR8.o
 .debug_aranges
                0x000007d8       0x40 src/LUFA/LUFA/Drivers/USB/Core/AVR8/Endpoint_AVR8.o
 .debug_aranges
                0x00000818       0x18 src/LUFA/LUFA/Drivers/USB/Core/AVR8/Host_AVR8.o
 .debug_aranges
                0x00000830       0x18 src/LUFA/LUFA/Drivers/USB/Core/AVR8/PipeStream_AVR8.o
 .debug_aranges
                0x00000848       0x18 src/LUFA/LUFA/Drivers/USB/Core/AVR8/Pipe_AVR8.o
 .debug_aranges
                0x00000860       0x18 src/LUFA/LUFA/Drivers/USB/Core/AVR8/Template/Template_Endpoint_Control_R.o
 .debug_aranges
                0x00000878       0x18 src/LUFA/LUFA/Drivers/USB/Core/AVR8/Template/Template_Endpoint_Control_W.o
 .debug_aranges
                0x00000890       0x18 src/LUFA/LUFA/Drivers/USB/Core/AVR8/Template/Template_Endpoint_RW.o
 .debug_aranges
                0x000008a8       0x18 src/LUFA/LUFA/Drivers/USB/Core/AVR8/Template/Template_Pipe_RW.o
 .debug_aranges
                0x000008c0       0x30 src/LUFA/LUFA/Drivers/USB/Core/AVR8/USBController_AVR8.o
 .debug_aranges
                0x000008f0       0x38 src/LUFA/LUFA/Drivers/USB/Core/AVR8/USBInterrupt_AVR8.o
 .debug_aranges
                0x00000928       0x38 src/LUFA/LUFA/Drivers/USB/Core/ConfigDescriptors.o
 .debug_aranges
                0x00000960       0x20 src/LUFA/LUFA/Drivers/USB/Core/DeviceStandardReq.o
 .debug_aranges
                0x00000980       0x20 src/LUFA/LUFA/Drivers/USB/Core/Events.o
 .debug_aranges
                0x000009a0       0x18 src/LUFA/LUFA/Drivers/USB/Core/HostStandardReq.o
 .debug_aranges
                0x000009b8       0x20 src/LUFA/LUFA/Drivers/USB/Core/USBTask.o
 .debug_aranges
                0x000009d8       0x60 VirtualSerial.o
 .debug_aranges
                0x00000a38       0x20 c:/program files (x86)/atmel/atmel toolchain/avr8 gcc/native/3.4.2.1002/avr8-gnu-toolchain/bin/../lib/gcc/avr/4.7.2/../../../../avr/lib/avr5\libc.a(sprintf.o)
 .debug_aranges
                0x00000a58       0x20 c:/program files (x86)/atmel/atmel toolchain/avr8 gcc/native/3.4.2.1002/avr8-gnu-toolchain/bin/../lib/gcc/avr/4.7.2/../../../../avr/lib/avr5\libc.a(vfprintf_std.o)
 .debug_aranges
                0x00000a78       0x20 c:/program files (x86)/atmel/atmel toolchain/avr8 gcc/native/3.4.2.1002/avr8-gnu-toolchain/bin/../lib/gcc/avr/4.7.2/../../../../avr/lib/avr5\libc.a(fputc.o)

.debug_pubnames
 *(.debug_pubnames)

.debug_info     0x00000000     0xe5e6
 *(.debug_info)
 .debug_info    0x00000000      0x712 buf_lcd.o
 .debug_info    0x00000712      0x272 data_collect.o
 .debug_info    0x00000984      0x775 Descriptors.o
 .debug_info    0x000010f9      0xabe lcd44780.o
 .debug_info    0x00001bb7      0x5ff warstwy.o
 .debug_info    0x000021b6      0x3c4 ds18b20.o
 .debug_info    0x0000257a      0x5d8 i2c_twi.o
 .debug_info    0x00002b52      0x175 OWI/OWIcrc.o
 .debug_info    0x00002cc7      0x39d OWI/OWIHighLevelFunctions.o
 .debug_info    0x00003064      0x555 OWI/OWISWBitFunctions.o
 .debug_info    0x000035b9       0x5a OWI/OWIUARTBitFunctions.o
 .debug_info    0x00003613      0x746 src/LUFA/LUFA/Drivers/USB/Class/Common/HIDParser.o
 .debug_info    0x00003d59      0x8c2 src/LUFA/LUFA/Drivers/USB/Class/Device/AudioClassDevice.o
 .debug_info    0x0000461b      0xe64 src/LUFA/LUFA/Drivers/USB/Class/Device/CDCClassDevice.o
 .debug_info    0x0000547f      0x99f src/LUFA/LUFA/Drivers/USB/Class/Device/HIDClassDevice.o
 .debug_info    0x00005e1e      0x966 src/LUFA/LUFA/Drivers/USB/Class/Device/MassStorageClassDevice.o
 .debug_info    0x00006784      0x620 src/LUFA/LUFA/Drivers/USB/Class/Device/MIDIClassDevice.o
 .debug_info    0x00006da4      0xcdd src/LUFA/LUFA/Drivers/USB/Class/Device/PrinterClassDevice.o
 .debug_info    0x00007a81     0x1178 src/LUFA/LUFA/Drivers/USB/Class/Device/RNDISClassDevice.o
 .debug_info    0x00008bf9       0x5a src/LUFA/LUFA/Drivers/USB/Class/Host/AndroidAccessoryClassHost.o
 .debug_info    0x00008c53       0x5a src/LUFA/LUFA/Drivers/USB/Class/Host/AudioClassHost.o
 .debug_info    0x00008cad       0x5a src/LUFA/LUFA/Drivers/USB/Class/Host/CDCClassHost.o
 .debug_info    0x00008d07       0x5a src/LUFA/LUFA/Drivers/USB/Class/Host/HIDClassHost.o
 .debug_info    0x00008d61       0x5a src/LUFA/LUFA/Drivers/USB/Class/Host/MassStorageClassHost.o
 .debug_info    0x00008dbb       0x5a src/LUFA/LUFA/Drivers/USB/Class/Host/MIDIClassHost.o
 .debug_info    0x00008e15       0x5a src/LUFA/LUFA/Drivers/USB/Class/Host/PrinterClassHost.o
 .debug_info    0x00008e6f       0x5a src/LUFA/LUFA/Drivers/USB/Class/Host/RNDISClassHost.o
 .debug_info    0x00008ec9       0x5a src/LUFA/LUFA/Drivers/USB/Class/Host/StillImageClassHost.o
 .debug_info    0x00008f23       0xd6 src/LUFA/LUFA/Drivers/USB/Core/AVR8/Device_AVR8.o
 .debug_info    0x00008ff9     0x1768 src/LUFA/LUFA/Drivers/USB/Core/AVR8/EndpointStream_AVR8.o
 .debug_info    0x0000a761      0x619 src/LUFA/LUFA/Drivers/USB/Core/AVR8/Endpoint_AVR8.o
 .debug_info    0x0000ad7a       0x5a src/LUFA/LUFA/Drivers/USB/Core/AVR8/Host_AVR8.o
 .debug_info    0x0000add4       0x5a src/LUFA/LUFA/Drivers/USB/Core/AVR8/PipeStream_AVR8.o
 .debug_info    0x0000ae2e       0x5a src/LUFA/LUFA/Drivers/USB/Core/AVR8/Pipe_AVR8.o
 .debug_info    0x0000ae88       0x21 src/LUFA/LUFA/Drivers/USB/Core/AVR8/Template/Template_Endpoint_Control_R.o
 .debug_info    0x0000aea9       0x21 src/LUFA/LUFA/Drivers/USB/Core/AVR8/Template/Template_Endpoint_Control_W.o
 .debug_info    0x0000aeca       0x21 src/LUFA/LUFA/Drivers/USB/Core/AVR8/Template/Template_Endpoint_RW.o
 .debug_info    0x0000aeeb       0x21 src/LUFA/LUFA/Drivers/USB/Core/AVR8/Template/Template_Pipe_RW.o
 .debug_info    0x0000af0c      0x4ce src/LUFA/LUFA/Drivers/USB/Core/AVR8/USBController_AVR8.o
 .debug_info    0x0000b3da      0x7ce src/LUFA/LUFA/Drivers/USB/Core/AVR8/USBInterrupt_AVR8.o
 .debug_info    0x0000bba8      0x3ea src/LUFA/LUFA/Drivers/USB/Core/ConfigDescriptors.o
 .debug_info    0x0000bf92      0xa83 src/LUFA/LUFA/Drivers/USB/Core/DeviceStandardReq.o
 .debug_info    0x0000ca15       0x7c src/LUFA/LUFA/Drivers/USB/Core/Events.o
 .debug_info    0x0000ca91       0x5a src/LUFA/LUFA/Drivers/USB/Core/HostStandardReq.o
 .debug_info    0x0000caeb      0x271 src/LUFA/LUFA/Drivers/USB/Core/USBTask.o
 .debug_info    0x0000cd5c      0xfc9 VirtualSerial.o
 .debug_info    0x0000dd25      0x204 c:/program files (x86)/atmel/atmel toolchain/avr8 gcc/native/3.4.2.1002/avr8-gnu-toolchain/bin/../lib/gcc/avr/4.7.2/../../../../avr/lib/avr5\libc.a(sprintf.o)
 .debug_info    0x0000df29      0x549 c:/program files (x86)/atmel/atmel toolchain/avr8 gcc/native/3.4.2.1002/avr8-gnu-toolchain/bin/../lib/gcc/avr/4.7.2/../../../../avr/lib/avr5\libc.a(vfprintf_std.o)
 .debug_info    0x0000e472      0x174 c:/program files (x86)/atmel/atmel toolchain/avr8 gcc/native/3.4.2.1002/avr8-gnu-toolchain/bin/../lib/gcc/avr/4.7.2/../../../../avr/lib/avr5\libc.a(fputc.o)
 *(.gnu.linkonce.wi.*)

.debug_abbrev   0x00000000     0x3d04
 *(.debug_abbrev)
 .debug_abbrev  0x00000000      0x206 buf_lcd.o
 .debug_abbrev  0x00000206       0xe6 data_collect.o
 .debug_abbrev  0x000002ec      0x151 Descriptors.o
 .debug_abbrev  0x0000043d      0x2c8 lcd44780.o
 .debug_abbrev  0x00000705      0x19b warstwy.o
 .debug_abbrev  0x000008a0      0x126 ds18b20.o
 .debug_abbrev  0x000009c6      0x180 i2c_twi.o
 .debug_abbrev  0x00000b46       0xa8 OWI/OWIcrc.o
 .debug_abbrev  0x00000bee      0x115 OWI/OWIHighLevelFunctions.o
 .debug_abbrev  0x00000d03      0x179 OWI/OWISWBitFunctions.o
 .debug_abbrev  0x00000e7c       0x29 OWI/OWIUARTBitFunctions.o
 .debug_abbrev  0x00000ea5      0x221 src/LUFA/LUFA/Drivers/USB/Class/Common/HIDParser.o
 .debug_abbrev  0x000010c6      0x20e src/LUFA/LUFA/Drivers/USB/Class/Device/AudioClassDevice.o
 .debug_abbrev  0x000012d4      0x418 src/LUFA/LUFA/Drivers/USB/Class/Device/CDCClassDevice.o
 .debug_abbrev  0x000016ec      0x274 src/LUFA/LUFA/Drivers/USB/Class/Device/HIDClassDevice.o
 .debug_abbrev  0x00001960      0x29e src/LUFA/LUFA/Drivers/USB/Class/Device/MassStorageClassDevice.o
 .debug_abbrev  0x00001bfe      0x228 src/LUFA/LUFA/Drivers/USB/Class/Device/MIDIClassDevice.o
 .debug_abbrev  0x00001e26      0x32d src/LUFA/LUFA/Drivers/USB/Class/Device/PrinterClassDevice.o
 .debug_abbrev  0x00002153      0x364 src/LUFA/LUFA/Drivers/USB/Class/Device/RNDISClassDevice.o
 .debug_abbrev  0x000024b7       0x29 src/LUFA/LUFA/Drivers/USB/Class/Host/AndroidAccessoryClassHost.o
 .debug_abbrev  0x000024e0       0x29 src/LUFA/LUFA/Drivers/USB/Class/Host/AudioClassHost.o
 .debug_abbrev  0x00002509       0x29 src/LUFA/LUFA/Drivers/USB/Class/Host/CDCClassHost.o
 .debug_abbrev  0x00002532       0x29 src/LUFA/LUFA/Drivers/USB/Class/Host/HIDClassHost.o
 .debug_abbrev  0x0000255b       0x29 src/LUFA/LUFA/Drivers/USB/Class/Host/MassStorageClassHost.o
 .debug_abbrev  0x00002584       0x29 src/LUFA/LUFA/Drivers/USB/Class/Host/MIDIClassHost.o
 .debug_abbrev  0x000025ad       0x29 src/LUFA/LUFA/Drivers/USB/Class/Host/PrinterClassHost.o
 .debug_abbrev  0x000025d6       0x29 src/LUFA/LUFA/Drivers/USB/Class/Host/RNDISClassHost.o
 .debug_abbrev  0x000025ff       0x29 src/LUFA/LUFA/Drivers/USB/Class/Host/StillImageClassHost.o
 .debug_abbrev  0x00002628       0x83 src/LUFA/LUFA/Drivers/USB/Core/AVR8/Device_AVR8.o
 .debug_abbrev  0x000026ab      0x1f8 src/LUFA/LUFA/Drivers/USB/Core/AVR8/EndpointStream_AVR8.o
 .debug_abbrev  0x000028a3      0x232 src/LUFA/LUFA/Drivers/USB/Core/AVR8/Endpoint_AVR8.o
 .debug_abbrev  0x00002ad5       0x29 src/LUFA/LUFA/Drivers/USB/Core/AVR8/Host_AVR8.o
 .debug_abbrev  0x00002afe       0x29 src/LUFA/LUFA/Drivers/USB/Core/AVR8/PipeStream_AVR8.o
 .debug_abbrev  0x00002b27       0x29 src/LUFA/LUFA/Drivers/USB/Core/AVR8/Pipe_AVR8.o
 .debug_abbrev  0x00002b50       0x13 src/LUFA/LUFA/Drivers/USB/Core/AVR8/Template/Template_Endpoint_Control_R.o
 .debug_abbrev  0x00002b63       0x13 src/LUFA/LUFA/Drivers/USB/Core/AVR8/Template/Template_Endpoint_Control_W.o
 .debug_abbrev  0x00002b76       0x13 src/LUFA/LUFA/Drivers/USB/Core/AVR8/Template/Template_Endpoint_RW.o
 .debug_abbrev  0x00002b89       0x13 src/LUFA/LUFA/Drivers/USB/Core/AVR8/Template/Template_Pipe_RW.o
 .debug_abbrev  0x00002b9c      0x18b src/LUFA/LUFA/Drivers/USB/Core/AVR8/USBController_AVR8.o
 .debug_abbrev  0x00002d27      0x232 src/LUFA/LUFA/Drivers/USB/Core/AVR8/USBInterrupt_AVR8.o
 .debug_abbrev  0x00002f59      0x192 src/LUFA/LUFA/Drivers/USB/Core/ConfigDescriptors.o
 .debug_abbrev  0x000030eb      0x2ac src/LUFA/LUFA/Drivers/USB/Core/DeviceStandardReq.o
 .debug_abbrev  0x00003397       0x47 src/LUFA/LUFA/Drivers/USB/Core/Events.o
 .debug_abbrev  0x000033de       0x29 src/LUFA/LUFA/Drivers/USB/Core/HostStandardReq.o
 .debug_abbrev  0x00003407      0x16d src/LUFA/LUFA/Drivers/USB/Core/USBTask.o
 .debug_abbrev  0x00003574      0x39f VirtualSerial.o
 .debug_abbrev  0x00003913      0x12a c:/program files (x86)/atmel/atmel toolchain/avr8 gcc/native/3.4.2.1002/avr8-gnu-toolchain/bin/../lib/gcc/avr/4.7.2/../../../../avr/lib/avr5\libc.a(sprintf.o)
 .debug_abbrev  0x00003a3d      0x1d6 c:/program files (x86)/atmel/atmel toolchain/avr8 gcc/native/3.4.2.1002/avr8-gnu-toolchain/bin/../lib/gcc/avr/4.7.2/../../../../avr/lib/avr5\libc.a(vfprintf_std.o)
 .debug_abbrev  0x00003c13       0xf1 c:/program files (x86)/atmel/atmel toolchain/avr8 gcc/native/3.4.2.1002/avr8-gnu-toolchain/bin/../lib/gcc/avr/4.7.2/../../../../avr/lib/avr5\libc.a(fputc.o)

.debug_line     0x00000000    0x1983a
 *(.debug_line)
 .debug_line    0x00000000      0x68c buf_lcd.o
 .debug_line    0x0000068c      0x54a data_collect.o
 .debug_line    0x00000bd6      0xd51 Descriptors.o
 .debug_line    0x00001927      0x8cc lcd44780.o
 .debug_line    0x000021f3      0x640 warstwy.o
 .debug_line    0x00002833      0x4f1 ds18b20.o
 .debug_line    0x00002d24      0x4d5 i2c_twi.o
 .debug_line    0x000031f9      0x33e OWI/OWIcrc.o
 .debug_line    0x00003537      0x472 OWI/OWIHighLevelFunctions.o
 .debug_line    0x000039a9      0x4d8 OWI/OWISWBitFunctions.o
 .debug_line    0x00003e81      0x289 OWI/OWIUARTBitFunctions.o
 .debug_line    0x0000410a      0xafb src/LUFA/LUFA/Drivers/USB/Class/Common/HIDParser.o
 .debug_line    0x00004c05     0x108b src/LUFA/LUFA/Drivers/USB/Class/Device/AudioClassDevice.o
 .debug_line    0x00005c90     0x1442 src/LUFA/LUFA/Drivers/USB/Class/Device/CDCClassDevice.o
 .debug_line    0x000070d2     0x1165 src/LUFA/LUFA/Drivers/USB/Class/Device/HIDClassDevice.o
 .debug_line    0x00008237     0x1157 src/LUFA/LUFA/Drivers/USB/Class/Device/MassStorageClassDevice.o
 .debug_line    0x0000938e     0x1044 src/LUFA/LUFA/Drivers/USB/Class/Device/MIDIClassDevice.o
 .debug_line    0x0000a3d2     0x1380 src/LUFA/LUFA/Drivers/USB/Class/Device/PrinterClassDevice.o
 .debug_line    0x0000b752     0x134b src/LUFA/LUFA/Drivers/USB/Class/Device/RNDISClassDevice.o
 .debug_line    0x0000ca9d      0x53a src/LUFA/LUFA/Drivers/USB/Class/Host/AndroidAccessoryClassHost.o
 .debug_line    0x0000cfd7      0x52f src/LUFA/LUFA/Drivers/USB/Class/Host/AudioClassHost.o
 .debug_line    0x0000d506      0x52d src/LUFA/LUFA/Drivers/USB/Class/Host/CDCClassHost.o
 .debug_line    0x0000da33      0x52d src/LUFA/LUFA/Drivers/USB/Class/Host/HIDClassHost.o
 .debug_line    0x0000df60      0x535 src/LUFA/LUFA/Drivers/USB/Class/Host/MassStorageClassHost.o
 .debug_line    0x0000e495      0x52e src/LUFA/LUFA/Drivers/USB/Class/Host/MIDIClassHost.o
 .debug_line    0x0000e9c3      0x531 src/LUFA/LUFA/Drivers/USB/Class/Host/PrinterClassHost.o
 .debug_line    0x0000eef4      0x52f src/LUFA/LUFA/Drivers/USB/Class/Host/RNDISClassHost.o
 .debug_line    0x0000f423      0x534 src/LUFA/LUFA/Drivers/USB/Class/Host/StillImageClassHost.o
 .debug_line    0x0000f957      0x9b8 src/LUFA/LUFA/Drivers/USB/Core/AVR8/Device_AVR8.o
 .debug_line    0x0001030f     0x20eb src/LUFA/LUFA/Drivers/USB/Core/AVR8/EndpointStream_AVR8.o
 .debug_line    0x000123fa      0xd37 src/LUFA/LUFA/Drivers/USB/Core/AVR8/Endpoint_AVR8.o
 .debug_line    0x00013131      0x517 src/LUFA/LUFA/Drivers/USB/Core/AVR8/Host_AVR8.o
 .debug_line    0x00013648      0x51d src/LUFA/LUFA/Drivers/USB/Core/AVR8/PipeStream_AVR8.o
 .debug_line    0x00013b65      0x517 src/LUFA/LUFA/Drivers/USB/Core/AVR8/Pipe_AVR8.o
 .debug_line    0x0001407c       0x6b src/LUFA/LUFA/Drivers/USB/Core/AVR8/Template/Template_Endpoint_Control_R.o
 .debug_line    0x000140e7       0x6b src/LUFA/LUFA/Drivers/USB/Core/AVR8/Template/Template_Endpoint_Control_W.o
 .debug_line    0x00014152       0x64 src/LUFA/LUFA/Drivers/USB/Core/AVR8/Template/Template_Endpoint_RW.o
 .debug_line    0x000141b6       0x60 src/LUFA/LUFA/Drivers/USB/Core/AVR8/Template/Template_Pipe_RW.o
 .debug_line    0x00014216      0x951 src/LUFA/LUFA/Drivers/USB/Core/AVR8/USBController_AVR8.o
 .debug_line    0x00014b67      0xbf9 src/LUFA/LUFA/Drivers/USB/Core/AVR8/USBInterrupt_AVR8.o
 .debug_line    0x00015760      0x94e src/LUFA/LUFA/Drivers/USB/Core/ConfigDescriptors.o
 .debug_line    0x000160ae      0xb04 src/LUFA/LUFA/Drivers/USB/Core/DeviceStandardReq.o
 .debug_line    0x00016bb2      0x4f9 src/LUFA/LUFA/Drivers/USB/Core/Events.o
 .debug_line    0x000170ab      0x4e6 src/LUFA/LUFA/Drivers/USB/Core/HostStandardReq.o
 .debug_line    0x00017591      0x879 src/LUFA/LUFA/Drivers/USB/Core/USBTask.o
 .debug_line    0x00017e0a     0x143f VirtualSerial.o
 .debug_line    0x00019249      0x194 c:/program files (x86)/atmel/atmel toolchain/avr8 gcc/native/3.4.2.1002/avr8-gnu-toolchain/bin/../lib/gcc/avr/4.7.2/../../../../avr/lib/avr5\libc.a(sprintf.o)
 .debug_line    0x000193dd      0x359 c:/program files (x86)/atmel/atmel toolchain/avr8 gcc/native/3.4.2.1002/avr8-gnu-toolchain/bin/../lib/gcc/avr/4.7.2/../../../../avr/lib/avr5\libc.a(vfprintf_std.o)
 .debug_line    0x00019736      0x104 c:/program files (x86)/atmel/atmel toolchain/avr8 gcc/native/3.4.2.1002/avr8-gnu-toolchain/bin/../lib/gcc/avr/4.7.2/../../../../avr/lib/avr5\libc.a(fputc.o)

.debug_frame    0x00000000     0x1de4
 *(.debug_frame)
 .debug_frame   0x00000000      0x1a0 buf_lcd.o
 .debug_frame   0x000001a0      0x1b0 data_collect.o
 .debug_frame   0x00000350       0x24 Descriptors.o
 .debug_frame   0x00000374      0x200 lcd44780.o
 .debug_frame   0x00000574       0xbc warstwy.o
 .debug_frame   0x00000630       0xd4 ds18b20.o
 .debug_frame   0x00000704      0x194 i2c_twi.o
 .debug_frame   0x00000898       0x64 OWI/OWIcrc.o
 .debug_frame   0x000008fc       0xfc OWI/OWIHighLevelFunctions.o
 .debug_frame   0x000009f8       0x64 OWI/OWISWBitFunctions.o
 .debug_frame   0x00000a5c      0x114 src/LUFA/LUFA/Drivers/USB/Class/Common/HIDParser.o
 .debug_frame   0x00000b70       0xa8 src/LUFA/LUFA/Drivers/USB/Class/Device/AudioClassDevice.o
 .debug_frame   0x00000c18      0x170 src/LUFA/LUFA/Drivers/USB/Class/Device/CDCClassDevice.o
 .debug_frame   0x00000d88       0xf8 src/LUFA/LUFA/Drivers/USB/Class/Device/HIDClassDevice.o
 .debug_frame   0x00000e80       0x80 src/LUFA/LUFA/Drivers/USB/Class/Device/MassStorageClassDevice.o
 .debug_frame   0x00000f00       0x70 src/LUFA/LUFA/Drivers/USB/Class/Device/MIDIClassDevice.o
 .debug_frame   0x00000f70      0x144 src/LUFA/LUFA/Drivers/USB/Class/Device/PrinterClassDevice.o
 .debug_frame   0x000010b4      0x100 src/LUFA/LUFA/Drivers/USB/Class/Device/RNDISClassDevice.o
 .debug_frame   0x000011b4       0x24 src/LUFA/LUFA/Drivers/USB/Core/AVR8/Device_AVR8.o
 .debug_frame   0x000011d8      0x6f8 src/LUFA/LUFA/Drivers/USB/Core/AVR8/EndpointStream_AVR8.o
 .debug_frame   0x000018d0       0xf4 src/LUFA/LUFA/Drivers/USB/Core/AVR8/Endpoint_AVR8.o
 .debug_frame   0x000019c4       0x58 src/LUFA/LUFA/Drivers/USB/Core/AVR8/USBController_AVR8.o
 .debug_frame   0x00001a1c       0xfc src/LUFA/LUFA/Drivers/USB/Core/AVR8/USBInterrupt_AVR8.o
 .debug_frame   0x00001b18       0xc4 src/LUFA/LUFA/Drivers/USB/Core/ConfigDescriptors.o
 .debug_frame   0x00001bdc       0x40 src/LUFA/LUFA/Drivers/USB/Core/DeviceStandardReq.o
 .debug_frame   0x00001c1c       0x24 src/LUFA/LUFA/Drivers/USB/Core/Events.o
 .debug_frame   0x00001c40       0x2c src/LUFA/LUFA/Drivers/USB/Core/USBTask.o
 .debug_frame   0x00001c6c       0xc4 VirtualSerial.o
 .debug_frame   0x00001d30       0x30 c:/program files (x86)/atmel/atmel toolchain/avr8 gcc/native/3.4.2.1002/avr8-gnu-toolchain/bin/../lib/gcc/avr/4.7.2/../../../../avr/lib/avr5\libc.a(sprintf.o)
 .debug_frame   0x00001d60       0x4c c:/program files (x86)/atmel/atmel toolchain/avr8 gcc/native/3.4.2.1002/avr8-gnu-toolchain/bin/../lib/gcc/avr/4.7.2/../../../../avr/lib/avr5\libc.a(vfprintf_std.o)
 .debug_frame   0x00001dac       0x38 c:/program files (x86)/atmel/atmel toolchain/avr8 gcc/native/3.4.2.1002/avr8-gnu-toolchain/bin/../lib/gcc/avr/4.7.2/../../../../avr/lib/avr5\libc.a(fputc.o)

.debug_str      0x00000000    0x1a0fb
 *(.debug_str)
 .debug_str     0x00000000     0xa2a5 buf_lcd.o
                               0xa3fc (size before relaxing)
 .debug_str     0x0000a2a5      0x556 data_collect.o
                               0x79d4 (size before relaxing)
 .debug_str     0x0000a7fb     0xa2e0 Descriptors.o
                              0x14233 (size before relaxing)
 .debug_str     0x00014adb      0x289 lcd44780.o
                               0xaa7f (size before relaxing)
 .debug_str     0x00014d64      0x6ff warstwy.o
                               0xb22c (size before relaxing)
 .debug_str     0x00015463       0xba ds18b20.o
                               0x7e6d (size before relaxing)
 .debug_str     0x0001551d       0xe2 i2c_twi.o
                               0x6e86 (size before relaxing)
 .debug_str     0x000155ff       0x69 OWI/OWIcrc.o
                               0x6e5a (size before relaxing)
 .debug_str     0x00015668       0xb4 OWI/OWIHighLevelFunctions.o
                               0x71a4 (size before relaxing)
 .debug_str     0x0001571c       0x8e OWI/OWISWBitFunctions.o
                               0x7909 (size before relaxing)
 .debug_str     0x000157aa       0x1d OWI/OWIUARTBitFunctions.o
                               0x7010 (size before relaxing)
 .debug_str     0x000157c7      0x49b src/LUFA/LUFA/Drivers/USB/Class/Common/HIDParser.o
                              0x112fd (size before relaxing)
 .debug_str     0x00015c62      0x48e src/LUFA/LUFA/Drivers/USB/Class/Device/AudioClassDevice.o
                              0x13d3d (size before relaxing)
 .debug_str     0x000160f0      0x6b1 src/LUFA/LUFA/Drivers/USB/Class/Device/CDCClassDevice.o
                              0x14090 (size before relaxing)
 .debug_str     0x000167a1      0x281 src/LUFA/LUFA/Drivers/USB/Class/Device/HIDClassDevice.o
                              0x13d8d (size before relaxing)
 .debug_str     0x00016a22      0x30f src/LUFA/LUFA/Drivers/USB/Class/Device/MassStorageClassDevice.o
                              0x13e8f (size before relaxing)
 .debug_str     0x00016d31      0x136 src/LUFA/LUFA/Drivers/USB/Class/Device/MIDIClassDevice.o
                              0x13ce6 (size before relaxing)
 .debug_str     0x00016e67      0x293 src/LUFA/LUFA/Drivers/USB/Class/Device/PrinterClassDevice.o
                              0x13fc9 (size before relaxing)
 .debug_str     0x000170fa      0x716 src/LUFA/LUFA/Drivers/USB/Class/Device/RNDISClassDevice.o
                              0x143f0 (size before relaxing)
 .debug_str     0x00017810       0x44 src/LUFA/LUFA/Drivers/USB/Class/Host/AndroidAccessoryClassHost.o
                               0xcfb7 (size before relaxing)
 .debug_str     0x00017854       0x39 src/LUFA/LUFA/Drivers/USB/Class/Host/AudioClassHost.o
                               0xcfac (size before relaxing)
 .debug_str     0x0001788d       0x37 src/LUFA/LUFA/Drivers/USB/Class/Host/CDCClassHost.o
                               0xcfaa (size before relaxing)
 .debug_str     0x000178c4       0x37 src/LUFA/LUFA/Drivers/USB/Class/Host/HIDClassHost.o
                               0xcfaa (size before relaxing)
 .debug_str     0x000178fb       0x3f src/LUFA/LUFA/Drivers/USB/Class/Host/MassStorageClassHost.o
                               0xcfb2 (size before relaxing)
 .debug_str     0x0001793a       0x38 src/LUFA/LUFA/Drivers/USB/Class/Host/MIDIClassHost.o
                               0xcfab (size before relaxing)
 .debug_str     0x00017972       0x3b src/LUFA/LUFA/Drivers/USB/Class/Host/PrinterClassHost.o
                               0xcfae (size before relaxing)
 .debug_str     0x000179ad       0x39 src/LUFA/LUFA/Drivers/USB/Class/Host/RNDISClassHost.o
                               0xcfac (size before relaxing)
 .debug_str     0x000179e6       0x3e src/LUFA/LUFA/Drivers/USB/Class/Host/StillImageClassHost.o
                               0xcfb1 (size before relaxing)
 .debug_str     0x00017a24       0x7d src/LUFA/LUFA/Drivers/USB/Core/AVR8/Device_AVR8.o
                               0xd96b (size before relaxing)
 .debug_str     0x00017aa1      0x88c src/LUFA/LUFA/Drivers/USB/Core/AVR8/EndpointStream_AVR8.o
                               0xe6df (size before relaxing)
 .debug_str     0x0001832d      0x199 src/LUFA/LUFA/Drivers/USB/Core/AVR8/Endpoint_AVR8.o
                               0xdd8d (size before relaxing)
 .debug_str     0x000184c6       0x33 src/LUFA/LUFA/Drivers/USB/Core/AVR8/Host_AVR8.o
                               0xcfa6 (size before relaxing)
 .debug_str     0x000184f9       0x39 src/LUFA/LUFA/Drivers/USB/Core/AVR8/PipeStream_AVR8.o
                               0xcfac (size before relaxing)
 .debug_str     0x00018532       0x33 src/LUFA/LUFA/Drivers/USB/Core/AVR8/Pipe_AVR8.o
                               0xcfa6 (size before relaxing)
 .debug_str     0x00018565       0x4e src/LUFA/LUFA/Drivers/USB/Core/AVR8/Template/Template_Endpoint_Control_R.o
                               0x1933 (size before relaxing)
 .debug_str     0x000185b3       0x4e src/LUFA/LUFA/Drivers/USB/Core/AVR8/Template/Template_Endpoint_Control_W.o
                               0x1933 (size before relaxing)
 .debug_str     0x00018601       0x47 src/LUFA/LUFA/Drivers/USB/Core/AVR8/Template/Template_Endpoint_RW.o
                               0x192c (size before relaxing)
 .debug_str     0x00018648       0x43 src/LUFA/LUFA/Drivers/USB/Core/AVR8/Template/Template_Pipe_RW.o
                               0x1928 (size before relaxing)
 .debug_str     0x0001868b      0x29c src/LUFA/LUFA/Drivers/USB/Core/AVR8/USBController_AVR8.o
                               0xdced (size before relaxing)
 .debug_str     0x00018927      0x1c6 src/LUFA/LUFA/Drivers/USB/Core/AVR8/USBInterrupt_AVR8.o
                               0xdd4b (size before relaxing)
 .debug_str     0x00018aed      0x22d src/LUFA/LUFA/Drivers/USB/Core/ConfigDescriptors.o
                               0xdcde (size before relaxing)
 .debug_str     0x00018d1a      0x336 src/LUFA/LUFA/Drivers/USB/Core/DeviceStandardReq.o
                               0xe15e (size before relaxing)
 .debug_str     0x00019050       0x53 src/LUFA/LUFA/Drivers/USB/Core/Events.o
                               0xcfd7 (size before relaxing)
 .debug_str     0x000190a3       0x34 src/LUFA/LUFA/Drivers/USB/Core/HostStandardReq.o
                               0xcfa7 (size before relaxing)
 .debug_str     0x000190d7       0x62 src/LUFA/LUFA/Drivers/USB/Core/USBTask.o
                               0xdb0c (size before relaxing)
 .debug_str     0x00019139      0xe0b VirtualSerial.o
                              0x1590b (size before relaxing)
 .debug_str     0x00019f44       0x8e c:/program files (x86)/atmel/atmel toolchain/avr8 gcc/native/3.4.2.1002/avr8-gnu-toolchain/bin/../lib/gcc/avr/4.7.2/../../../../avr/lib/avr5\libc.a(sprintf.o)
                                0x13c (size before relaxing)
 .debug_str     0x00019fd2       0xc7 c:/program files (x86)/atmel/atmel toolchain/avr8 gcc/native/3.4.2.1002/avr8-gnu-toolchain/bin/../lib/gcc/avr/4.7.2/../../../../avr/lib/avr5\libc.a(vfprintf_std.o)
                                0x1ad (size before relaxing)
 .debug_str     0x0001a099       0x62 c:/program files (x86)/atmel/atmel toolchain/avr8 gcc/native/3.4.2.1002/avr8-gnu-toolchain/bin/../lib/gcc/avr/4.7.2/../../../../avr/lib/avr5\libc.a(fputc.o)
                                0x10d (size before relaxing)

.debug_loc      0x00000000     0xa4fc
 *(.debug_loc)
 .debug_loc     0x00000000      0x7be buf_lcd.o
 .debug_loc     0x000007be      0x2a0 data_collect.o
 .debug_loc     0x00000a5e      0x232 Descriptors.o
 .debug_loc     0x00000c90      0x743 lcd44780.o
 .debug_loc     0x000013d3      0x311 warstwy.o
 .debug_loc     0x000016e4      0x355 ds18b20.o
 .debug_loc     0x00001a39      0x61a i2c_twi.o
 .debug_loc     0x00002053      0x1f3 OWI/OWIcrc.o
 .debug_loc     0x00002246      0x4f7 OWI/OWIHighLevelFunctions.o
 .debug_loc     0x0000273d       0xfc OWI/OWISWBitFunctions.o
 .debug_loc     0x00002839      0x984 src/LUFA/LUFA/Drivers/USB/Class/Common/HIDParser.o
 .debug_loc     0x000031bd      0x361 src/LUFA/LUFA/Drivers/USB/Class/Device/AudioClassDevice.o
 .debug_loc     0x0000351e      0x8a6 src/LUFA/LUFA/Drivers/USB/Class/Device/CDCClassDevice.o
 .debug_loc     0x00003dc4      0x48f src/LUFA/LUFA/Drivers/USB/Class/Device/HIDClassDevice.o
 .debug_loc     0x00004253      0x2a6 src/LUFA/LUFA/Drivers/USB/Class/Device/MassStorageClassDevice.o
 .debug_loc     0x000044f9      0x33f src/LUFA/LUFA/Drivers/USB/Class/Device/MIDIClassDevice.o
 .debug_loc     0x00004838      0x8ed src/LUFA/LUFA/Drivers/USB/Class/Device/PrinterClassDevice.o
 .debug_loc     0x00005125      0xc5a src/LUFA/LUFA/Drivers/USB/Class/Device/RNDISClassDevice.o
 .debug_loc     0x00005d7f     0x29d4 src/LUFA/LUFA/Drivers/USB/Core/AVR8/EndpointStream_AVR8.o
 .debug_loc     0x00008753      0x60c src/LUFA/LUFA/Drivers/USB/Core/AVR8/Endpoint_AVR8.o
 .debug_loc     0x00008d5f       0x49 src/LUFA/LUFA/Drivers/USB/Core/AVR8/USBController_AVR8.o
 .debug_loc     0x00008da8      0x37a src/LUFA/LUFA/Drivers/USB/Core/AVR8/USBInterrupt_AVR8.o
 .debug_loc     0x00009122      0x4c1 src/LUFA/LUFA/Drivers/USB/Core/ConfigDescriptors.o
 .debug_loc     0x000095e3      0x33e src/LUFA/LUFA/Drivers/USB/Core/DeviceStandardReq.o
 .debug_loc     0x00009921       0x49 src/LUFA/LUFA/Drivers/USB/Core/USBTask.o
 .debug_loc     0x0000996a      0x561 VirtualSerial.o
 .debug_loc     0x00009ecb       0x21 c:/program files (x86)/atmel/atmel toolchain/avr8 gcc/native/3.4.2.1002/avr8-gnu-toolchain/bin/../lib/gcc/avr/4.7.2/../../../../avr/lib/avr5\libc.a(sprintf.o)
 .debug_loc     0x00009eec      0x51d c:/program files (x86)/atmel/atmel toolchain/avr8 gcc/native/3.4.2.1002/avr8-gnu-toolchain/bin/../lib/gcc/avr/4.7.2/../../../../avr/lib/avr5\libc.a(vfprintf_std.o)
 .debug_loc     0x0000a409       0xf3 c:/program files (x86)/atmel/atmel toolchain/avr8 gcc/native/3.4.2.1002/avr8-gnu-toolchain/bin/../lib/gcc/avr/4.7.2/../../../../avr/lib/avr5\libc.a(fputc.o)

.debug_macinfo
 *(.debug_macinfo)

.debug_pubtypes
 *(.debug_pubtypes)

.debug_ranges   0x00000000     0x12d0
 *(.debug_ranges)
 .debug_ranges  0x00000000       0x90 buf_lcd.o
 .debug_ranges  0x00000090       0x68 data_collect.o
 .debug_ranges  0x000000f8       0x10 Descriptors.o
 .debug_ranges  0x00000108       0xd0 lcd44780.o
 .debug_ranges  0x000001d8       0x28 warstwy.o
 .debug_ranges  0x00000200       0x20 ds18b20.o
 .debug_ranges  0x00000220       0x70 i2c_twi.o
 .debug_ranges  0x00000290       0x20 OWI/OWIcrc.o
 .debug_ranges  0x000002b0       0x38 OWI/OWIHighLevelFunctions.o
 .debug_ranges  0x000002e8       0x30 OWI/OWISWBitFunctions.o
 .debug_ranges  0x00000318       0xb8 src/LUFA/LUFA/Drivers/USB/Class/Common/HIDParser.o
 .debug_ranges  0x000003d0       0x20 src/LUFA/LUFA/Drivers/USB/Class/Device/AudioClassDevice.o
 .debug_ranges  0x000003f0       0x88 src/LUFA/LUFA/Drivers/USB/Class/Device/CDCClassDevice.o
 .debug_ranges  0x00000478       0x20 src/LUFA/LUFA/Drivers/USB/Class/Device/HIDClassDevice.o
 .debug_ranges  0x00000498       0x68 src/LUFA/LUFA/Drivers/USB/Class/Device/MassStorageClassDevice.o
 .debug_ranges  0x00000500       0x30 src/LUFA/LUFA/Drivers/USB/Class/Device/MIDIClassDevice.o
 .debug_ranges  0x00000530       0x80 src/LUFA/LUFA/Drivers/USB/Class/Device/PrinterClassDevice.o
 .debug_ranges  0x000005b0       0x98 src/LUFA/LUFA/Drivers/USB/Class/Device/RNDISClassDevice.o
 .debug_ranges  0x00000648       0x10 src/LUFA/LUFA/Drivers/USB/Core/AVR8/Device_AVR8.o
 .debug_ranges  0x00000658      0x930 src/LUFA/LUFA/Drivers/USB/Core/AVR8/EndpointStream_AVR8.o
 .debug_ranges  0x00000f88      0x1c8 src/LUFA/LUFA/Drivers/USB/Core/AVR8/Endpoint_AVR8.o
 .debug_ranges  0x00001150       0x20 src/LUFA/LUFA/Drivers/USB/Core/AVR8/USBController_AVR8.o
 .debug_ranges  0x00001170       0x28 src/LUFA/LUFA/Drivers/USB/Core/AVR8/USBInterrupt_AVR8.o
 .debug_ranges  0x00001198       0x28 src/LUFA/LUFA/Drivers/USB/Core/ConfigDescriptors.o
 .debug_ranges  0x000011c0       0x58 src/LUFA/LUFA/Drivers/USB/Core/DeviceStandardReq.o
 .debug_ranges  0x00001218       0x10 src/LUFA/LUFA/Drivers/USB/Core/Events.o
 .debug_ranges  0x00001228       0x10 src/LUFA/LUFA/Drivers/USB/Core/USBTask.o
 .debug_ranges  0x00001238       0x68 VirtualSerial.o
 .debug_ranges  0x000012a0       0x10 c:/program files (x86)/atmel/atmel toolchain/avr8 gcc/native/3.4.2.1002/avr8-gnu-toolchain/bin/../lib/gcc/avr/4.7.2/../../../../avr/lib/avr5\libc.a(sprintf.o)
 .debug_ranges  0x000012b0       0x10 c:/program files (x86)/atmel/atmel toolchain/avr8 gcc/native/3.4.2.1002/avr8-gnu-toolchain/bin/../lib/gcc/avr/4.7.2/../../../../avr/lib/avr5\libc.a(vfprintf_std.o)
 .debug_ranges  0x000012c0       0x10 c:/program files (x86)/atmel/atmel toolchain/avr8 gcc/native/3.4.2.1002/avr8-gnu-toolchain/bin/../lib/gcc/avr/4.7.2/../../../../avr/lib/avr5\libc.a(fputc.o)

.debug_macro    0x00000000     0xc2b6
 *(.debug_macro)
 .debug_macro   0x00000000      0x104 buf_lcd.o
 .debug_macro   0x00000104      0x5c8 buf_lcd.o
 .debug_macro   0x000006cc       0x10 buf_lcd.o
 .debug_macro   0x000006dc      0x1ad buf_lcd.o
 .debug_macro   0x00000889      0x293 buf_lcd.o
 .debug_macro   0x00000b1c       0x9e buf_lcd.o
 .debug_macro   0x00000bba     0x221a buf_lcd.o
 .debug_macro   0x00002dd4      0x14f buf_lcd.o
 .debug_macro   0x00002f23       0xd9 buf_lcd.o
 .debug_macro   0x00002ffc       0x34 buf_lcd.o
 .debug_macro   0x00003030       0x18 buf_lcd.o
 .debug_macro   0x00003048       0x6c buf_lcd.o
 .debug_macro   0x000030b4       0x69 buf_lcd.o
 .debug_macro   0x0000311d       0x10 buf_lcd.o
 .debug_macro   0x0000312d       0x89 buf_lcd.o
 .debug_macro   0x000031b6      0x16c buf_lcd.o
 .debug_macro   0x00003322       0x16 buf_lcd.o
 .debug_macro   0x00003338       0x20 buf_lcd.o
 .debug_macro   0x00003358       0x1c buf_lcd.o
 .debug_macro   0x00003374       0x97 buf_lcd.o
 .debug_macro   0x0000340b       0x45 buf_lcd.o
 .debug_macro   0x00003450       0x10 buf_lcd.o
 .debug_macro   0x00003460      0x167 buf_lcd.o
 .debug_macro   0x000035c7       0x2e buf_lcd.o
 .debug_macro   0x000035f5      0x19f buf_lcd.o
 .debug_macro   0x00003794       0xf8 data_collect.o
 .debug_macro   0x0000388c      0x10e data_collect.o
 .debug_macro   0x0000399a       0x51 data_collect.o
 .debug_macro   0x000039eb       0x22 data_collect.o
 .debug_macro   0x00003a0d       0x52 data_collect.o
 .debug_macro   0x00003a5f       0x9a data_collect.o
 .debug_macro   0x00003af9       0x1c data_collect.o
 .debug_macro   0x00003b15      0x432 Descriptors.o
 .debug_macro   0x00003f47       0xaa Descriptors.o
 .debug_macro   0x00003ff1       0x12 Descriptors.o
 .debug_macro   0x00004003       0x10 Descriptors.o
 .debug_macro   0x00004013       0xf5 Descriptors.o
 .debug_macro   0x00004108       0x22 Descriptors.o
 .debug_macro   0x0000412a      0x18b Descriptors.o
 .debug_macro   0x000042b5       0x36 Descriptors.o
 .debug_macro   0x000042eb       0x1c Descriptors.o
 .debug_macro   0x00004307       0x6e Descriptors.o
 .debug_macro   0x00004375       0x2e Descriptors.o
 .debug_macro   0x000043a3       0x87 Descriptors.o
 .debug_macro   0x0000442a       0x35 Descriptors.o
 .debug_macro   0x0000445f      0x10c Descriptors.o
 .debug_macro   0x0000456b      0x160 Descriptors.o
 .debug_macro   0x000046cb       0x1c Descriptors.o
 .debug_macro   0x000046e7       0x86 Descriptors.o
 .debug_macro   0x0000476d       0x3c Descriptors.o
 .debug_macro   0x000047a9       0x19 Descriptors.o
 .debug_macro   0x000047c2       0x4d Descriptors.o
 .debug_macro   0x0000480f       0x81 Descriptors.o
 .debug_macro   0x00004890       0x16 Descriptors.o
 .debug_macro   0x000048a6       0x12 Descriptors.o
 .debug_macro   0x000048b8       0x22 Descriptors.o
 .debug_macro   0x000048da       0x64 Descriptors.o
 .debug_macro   0x0000493e       0x3a Descriptors.o
 .debug_macro   0x00004978       0x10 Descriptors.o
 .debug_macro   0x00004988       0x1c Descriptors.o
 .debug_macro   0x000049a4       0x16 Descriptors.o
 .debug_macro   0x000049ba       0x16 Descriptors.o
 .debug_macro   0x000049d0      0x12c Descriptors.o
 .debug_macro   0x00004afc       0x16 Descriptors.o
 .debug_macro   0x00004b12       0x46 Descriptors.o
 .debug_macro   0x00004b58       0x58 Descriptors.o
 .debug_macro   0x00004bb0       0x10 Descriptors.o
 .debug_macro   0x00004bc0       0x35 Descriptors.o
 .debug_macro   0x00004bf5       0xeb Descriptors.o
 .debug_macro   0x00004ce0       0x16 Descriptors.o
 .debug_macro   0x00004cf6      0x154 Descriptors.o
 .debug_macro   0x00004e4a       0x2a Descriptors.o
 .debug_macro   0x00004e74      0x657 Descriptors.o
 .debug_macro   0x000054cb       0x16 Descriptors.o
 .debug_macro   0x000054e1      0x132 Descriptors.o
 .debug_macro   0x00005613       0x16 Descriptors.o
 .debug_macro   0x00005629       0x10 Descriptors.o
 .debug_macro   0x00005639       0x6c Descriptors.o
 .debug_macro   0x000056a5       0x16 Descriptors.o
 .debug_macro   0x000056bb       0x1c Descriptors.o
 .debug_macro   0x000056d7       0x16 Descriptors.o
 .debug_macro   0x000056ed       0x10 Descriptors.o
 .debug_macro   0x000056fd      0x1c5 Descriptors.o
 .debug_macro   0x000058c2       0x16 Descriptors.o
 .debug_macro   0x000058d8       0x22 Descriptors.o
 .debug_macro   0x000058fa      0x11f lcd44780.o
 .debug_macro   0x00005a19      0x16c lcd44780.o
 .debug_macro   0x00005b85       0x3c lcd44780.o
 .debug_macro   0x00005bc1      0x166 lcd44780.o
 .debug_macro   0x00005d27      0x1c6 warstwy.o
 .debug_macro   0x00005eed       0x34 warstwy.o
 .debug_macro   0x00005f21       0x46 warstwy.o
 .debug_macro   0x00005f67       0xa6 warstwy.o
 .debug_macro   0x0000600d       0x10 warstwy.o
 .debug_macro   0x0000601d       0x16 warstwy.o
 .debug_macro   0x00006033       0x2e warstwy.o
 .debug_macro   0x00006061      0x138 ds18b20.o
 .debug_macro   0x00006199       0x40 ds18b20.o
 .debug_macro   0x000061d9       0x90 i2c_twi.o
 .debug_macro   0x00006269       0x9f OWI/OWIcrc.o
 .debug_macro   0x00006308       0xc2 OWI/OWIHighLevelFunctions.o
 .debug_macro   0x000063ca       0xe3 OWI/OWISWBitFunctions.o
 .debug_macro   0x000064ad      0x16d OWI/OWISWBitFunctions.o
 .debug_macro   0x0000661a       0x16 OWI/OWISWBitFunctions.o
 .debug_macro   0x00006630       0xaf OWI/OWIUARTBitFunctions.o
 .debug_macro   0x000066df      0x1c0 src/LUFA/LUFA/Drivers/USB/Class/Common/HIDParser.o
 .debug_macro   0x0000689f       0x97 src/LUFA/LUFA/Drivers/USB/Class/Common/HIDParser.o
 .debug_macro   0x00006936       0x16 src/LUFA/LUFA/Drivers/USB/Class/Common/HIDParser.o
 .debug_macro   0x0000694c      0x299 src/LUFA/LUFA/Drivers/USB/Class/Common/HIDParser.o
 .debug_macro   0x00006be5      0x160 src/LUFA/LUFA/Drivers/USB/Class/Common/HIDParser.o
 .debug_macro   0x00006d45       0x1f src/LUFA/LUFA/Drivers/USB/Class/Common/HIDParser.o
 .debug_macro   0x00006d64      0x43b src/LUFA/LUFA/Drivers/USB/Class/Device/AudioClassDevice.o
 .debug_macro   0x0000719f       0x40 src/LUFA/LUFA/Drivers/USB/Class/Device/AudioClassDevice.o
 .debug_macro   0x000071df      0x132 src/LUFA/LUFA/Drivers/USB/Class/Device/AudioClassDevice.o
 .debug_macro   0x00007311      0x43b src/LUFA/LUFA/Drivers/USB/Class/Device/CDCClassDevice.o
 .debug_macro   0x0000774c      0x43f src/LUFA/LUFA/Drivers/USB/Class/Device/HIDClassDevice.o
 .debug_macro   0x00007b8b      0x445 src/LUFA/LUFA/Drivers/USB/Class/Device/MassStorageClassDevice.o
 .debug_macro   0x00007fd0      0x12c src/LUFA/LUFA/Drivers/USB/Class/Device/MassStorageClassDevice.o
 .debug_macro   0x000080fc      0x43f src/LUFA/LUFA/Drivers/USB/Class/Device/MIDIClassDevice.o
 .debug_macro   0x0000853b      0x445 src/LUFA/LUFA/Drivers/USB/Class/Device/PrinterClassDevice.o
 .debug_macro   0x00008980       0x16 src/LUFA/LUFA/Drivers/USB/Class/Device/PrinterClassDevice.o
 .debug_macro   0x00008996      0x43f src/LUFA/LUFA/Drivers/USB/Class/Device/RNDISClassDevice.o
 .debug_macro   0x00008dd5      0x178 src/LUFA/LUFA/Drivers/USB/Class/Host/AndroidAccessoryClassHost.o
 .debug_macro   0x00008f4d      0x178 src/LUFA/LUFA/Drivers/USB/Class/Host/AudioClassHost.o
 .debug_macro   0x000090c5      0x178 src/LUFA/LUFA/Drivers/USB/Class/Host/CDCClassHost.o
 .debug_macro   0x0000923d      0x178 src/LUFA/LUFA/Drivers/USB/Class/Host/HIDClassHost.o
 .debug_macro   0x000093b5      0x178 src/LUFA/LUFA/Drivers/USB/Class/Host/MassStorageClassHost.o
 .debug_macro   0x0000952d      0x178 src/LUFA/LUFA/Drivers/USB/Class/Host/MIDIClassHost.o
 .debug_macro   0x000096a5      0x178 src/LUFA/LUFA/Drivers/USB/Class/Host/PrinterClassHost.o
 .debug_macro   0x0000981d      0x178 src/LUFA/LUFA/Drivers/USB/Class/Host/RNDISClassHost.o
 .debug_macro   0x00009995      0x178 src/LUFA/LUFA/Drivers/USB/Class/Host/StillImageClassHost.o
 .debug_macro   0x00009b0d      0x29d src/LUFA/LUFA/Drivers/USB/Core/AVR8/Device_AVR8.o
 .debug_macro   0x00009daa       0x47 src/LUFA/LUFA/Drivers/USB/Core/AVR8/Device_AVR8.o
 .debug_macro   0x00009df1      0x60e src/LUFA/LUFA/Drivers/USB/Core/AVR8/EndpointStream_AVR8.o
 .debug_macro   0x0000a3ff       0x28 src/LUFA/LUFA/Drivers/USB/Core/AVR8/EndpointStream_AVR8.o
 .debug_macro   0x0000a427       0x1c src/LUFA/LUFA/Drivers/USB/Core/AVR8/EndpointStream_AVR8.o
 .debug_macro   0x0000a443       0x1c src/LUFA/LUFA/Drivers/USB/Core/AVR8/EndpointStream_AVR8.o
 .debug_macro   0x0000a45f      0x2a5 src/LUFA/LUFA/Drivers/USB/Core/AVR8/Endpoint_AVR8.o
 .debug_macro   0x0000a704       0x10 src/LUFA/LUFA/Drivers/USB/Core/AVR8/Endpoint_AVR8.o
 .debug_macro   0x0000a714      0x17c src/LUFA/LUFA/Drivers/USB/Core/AVR8/Host_AVR8.o
 .debug_macro   0x0000a890      0x17c src/LUFA/LUFA/Drivers/USB/Core/AVR8/PipeStream_AVR8.o
 .debug_macro   0x0000aa0c      0x17c src/LUFA/LUFA/Drivers/USB/Core/AVR8/Pipe_AVR8.o
 .debug_macro   0x0000ab88       0x11 src/LUFA/LUFA/Drivers/USB/Core/AVR8/Template/Template_Endpoint_Control_R.o
 .debug_macro   0x0000ab99       0x11 src/LUFA/LUFA/Drivers/USB/Core/AVR8/Template/Template_Endpoint_Control_W.o
 .debug_macro   0x0000abaa       0x11 src/LUFA/LUFA/Drivers/USB/Core/AVR8/Template/Template_Endpoint_RW.o
 .debug_macro   0x0000abbb       0x11 src/LUFA/LUFA/Drivers/USB/Core/AVR8/Template/Template_Pipe_RW.o
 .debug_macro   0x0000abcc      0x277 src/LUFA/LUFA/Drivers/USB/Core/AVR8/USBController_AVR8.o
 .debug_macro   0x0000ae43       0x87 src/LUFA/LUFA/Drivers/USB/Core/AVR8/USBController_AVR8.o
 .debug_macro   0x0000aeca      0x27f src/LUFA/LUFA/Drivers/USB/Core/AVR8/USBInterrupt_AVR8.o
 .debug_macro   0x0000b149      0x28e src/LUFA/LUFA/Drivers/USB/Core/ConfigDescriptors.o
 .debug_macro   0x0000b3d7      0x27d src/LUFA/LUFA/Drivers/USB/Core/DeviceStandardReq.o
 .debug_macro   0x0000b654      0x182 src/LUFA/LUFA/Drivers/USB/Core/Events.o
 .debug_macro   0x0000b7d6      0x178 src/LUFA/LUFA/Drivers/USB/Core/HostStandardReq.o
 .debug_macro   0x0000b94e      0x283 src/LUFA/LUFA/Drivers/USB/Core/USBTask.o
 .debug_macro   0x0000bbd1      0x52a VirtualSerial.o
 .debug_macro   0x0000c0fb       0x76 VirtualSerial.o
 .debug_macro   0x0000c171       0xab VirtualSerial.o
 .debug_macro   0x0000c21c       0x12 VirtualSerial.o
 .debug_macro   0x0000c22e       0x10 VirtualSerial.o
 .debug_macro   0x0000c23e       0x2e VirtualSerial.o
 .debug_macro   0x0000c26c       0x2e VirtualSerial.o
 .debug_macro   0x0000c29a       0x1c VirtualSerial.o
OUTPUT(Termometr_pamiec.elf elf32-avr)
LOAD linker stubs